******************************************************************************
                  TI ARM Linker Unix v18.1.4                   
******************************************************************************
>> Linked Thu Oct 14 10:02:37 2021

OUTPUT FILE NAME:   <Monarch_Firmware.out>
ENTRY POINT SYMBOL: "ResetISR"  address: 00006a4d


MEMORY CONFIGURATION

         name            origin    length      used     unused   attr    fill
----------------------  --------  ---------  --------  --------  ----  --------
  FLASH                 00000000   00020000  00009f42  000160be  R  X
  SRAM                  20000000   00005000  00004b09  000004f7  RW X


SEGMENT ALLOCATION MAP

run origin  load origin   length   init length attrs members
----------  ----------- ---------- ----------- ----- -------
00000000    00000000    00009ef0   00009ef0    r-x
  00000000    00000000    0000003c   0000003c    r-- .resetVecs
  0000003c    0000003c    00000fc4   00000fc4    r-x .text.1
  00001000    00001000    0000003c   0000003c    r-- .const:ti_sysbios_knl_Task_Object__PARAMS__C
  0000103c    0000103c    00000034   00000034    r-- .const:ti_sysbios_knl_Mailbox_Object__PARAMS__C
  00001070    00001070    00000030   00000030    r-- .const:ti_sysbios_family_arm_m3_Hwi_Object__PARAMS__C
  000010a0    000010a0    0000002c   0000002c    r-- .const:ti_sysbios_hal_Hwi_Object__PARAMS__C
  000010cc    000010cc    00000028   00000028    r-- .const:ti_sysbios_heaps_HeapMem_Module__FXNS__C
  000010f4    000010f4    00000028   00000028    r-- .const:ti_sysbios_knl_Swi_Object__PARAMS__C
  0000111c    0000111c    00000024   00000024    r-- .const:ti_sysbios_gates_GateHwi_Module__FXNS__C
  00001140    00001140    00000024   00000024    r-- .const:ti_sysbios_gates_GateMutex_Module__FXNS__C
  00001164    00001164    00000024   00000024    r-- .const:ti_sysbios_heaps_HeapMem_Object__PARAMS__C
  00001188    00001188    00000024   00000024    r-- .const:ti_sysbios_knl_Clock_Object__PARAMS__C
  000011ac    000011ac    00000024   00000024    r-- .const:ti_sysbios_knl_Semaphore_Object__PARAMS__C
  000011d0    000011d0    00000020   00000020    r-- .const:ti_sysbios_family_arm_m3_Hwi_Object__DESC__C
  000011f0    000011f0    00000020   00000020    r-- .const:ti_sysbios_gates_GateHwi_Object__DESC__C
  00001210    00001210    00000020   00000020    r-- .const:ti_sysbios_gates_GateMutex_Object__DESC__C
  00001230    00001230    00000020   00000020    r-- .const:ti_sysbios_hal_Hwi_Object__DESC__C
  00001250    00001250    00000020   00000020    r-- .const:ti_sysbios_heaps_HeapMem_Object__DESC__C
  00001270    00001270    00000020   00000020    r-- .const:ti_sysbios_knl_Clock_Object__DESC__C
  00001290    00001290    00000020   00000020    r-- .const:ti_sysbios_knl_Mailbox_Object__DESC__C
  000012b0    000012b0    00000020   00000020    r-- .const:ti_sysbios_knl_Queue_Object__DESC__C
  000012d0    000012d0    00000020   00000020    r-- .const:ti_sysbios_knl_Semaphore_Object__DESC__C
  000012f0    000012f0    00000020   00000020    r-- .const:ti_sysbios_knl_Swi_Object__DESC__C
  00001310    00001310    00000020   00000020    r-- .const:ti_sysbios_knl_Task_Object__DESC__C
  00001330    00001330    00000018   00000018    r-- .const:ti_sysbios_gates_GateHwi_Object__PARAMS__C
  00001348    00001348    00000018   00000018    r-- .const:ti_sysbios_gates_GateMutex_Object__PARAMS__C
  00001360    00001360    00000018   00000018    r-- .const:ti_sysbios_knl_Queue_Object__PARAMS__C
  00001378    00001378    00000008   00000008    r-- .const:ti_sysbios_knl_Idle_funcList__C
  00001380    00001380    00000004   00000004    r-x .text.2
  00001384    00001384    00000004   00000004    r-- .const:ti_sysbios_family_arm_cc26xx_Timer_startupNeeded__C
  00001388    00001388    00000004   00000004    r-- .const:ti_sysbios_family_arm_m3_Hwi_E_alreadyDefined__C
  0000138c    0000138c    00000004   00000004    r-- .const:ti_sysbios_family_arm_m3_Hwi_E_hwiLimitExceeded__C
  00001390    00001390    00000004   00000004    r-- .const:ti_sysbios_family_arm_m3_Hwi_NUM_INTERRUPTS__C
  00001394    00001394    00000004   00000004    r-- .const:ti_sysbios_family_arm_m3_Hwi_Object__count__C
  00001398    00001398    00000004   00000004    r-- .const:ti_sysbios_family_arm_m3_Hwi_Object__table__C
  0000139c    0000139c    00000004   00000004    r-- .const:ti_sysbios_family_arm_m3_Hwi_ccr__C
  000013a0    000013a0    00000004   00000004    r-- .const:ti_sysbios_family_arm_m3_Hwi_excHandlerFunc__C
  000013a4    000013a4    00000004   00000004    r-- .const:ti_sysbios_family_arm_m3_Hwi_nullIsrFunc__C
  000013a8    000013a8    00000004   00000004    r-- .const:ti_sysbios_family_arm_m3_Hwi_numSparseInterrupts__C
  000013ac    000013ac    00000004   00000004    r-- .const:ti_sysbios_family_arm_m3_Hwi_priGroup__C
  000013b0    000013b0    00000004   00000004    r-- .const:ti_sysbios_family_arm_m3_TaskSupport_stackAlignment__C
  000013b4    000013b4    00000004   00000004    r-- .const:ti_sysbios_heaps_HeapMem_E_memory__C
  000013b8    000013b8    00000004   00000004    r-- .const:ti_sysbios_heaps_HeapMem_Module__gateObj__C
  000013bc    000013bc    00000004   00000004    r-- .const:ti_sysbios_heaps_HeapMem_Object__count__C
  000013c0    000013c0    00000004   00000004    r-- .const:ti_sysbios_heaps_HeapMem_Object__table__C
  000013c4    000013c4    00000004   00000004    r-- .const:ti_sysbios_heaps_HeapMem_reqAlign__C
  000013c8    000013c8    00000004   00000004    r-- .const:ti_sysbios_knl_Clock_serviceMargin__C
  000013cc    000013cc    00000004   00000004    r-- .const:ti_sysbios_knl_Mailbox_Object__count__C
  000013d0    000013d0    00000004   00000004    r-- .const:ti_sysbios_knl_Mailbox_Object__table__C
  000013d4    000013d4    00000004   00000004    r-- .const:ti_sysbios_knl_Mailbox_maxTypeAlign__C
  000013d8    000013d8    00000004   00000004    r-- .const:ti_sysbios_knl_Queue_Object__count__C
  000013dc    000013dc    00000004   00000004    r-- .const:ti_sysbios_knl_Queue_Object__table__C
  000013e0    000013e0    00000004   00000004    r-- .const:ti_sysbios_knl_Swi_Object__count__C
  000013e4    000013e4    00000004   00000004    r-- .const:ti_sysbios_knl_Swi_Object__table__C
  000013e8    000013e8    00000004   00000004    r-- .const:ti_sysbios_knl_Swi_numPriorities__C
  000013ec    000013ec    00000004   00000004    r-- .const:ti_sysbios_knl_Task_Object__count__C
  000013f0    000013f0    00000004   00000004    r-- .const:ti_sysbios_knl_Task_Object__table__C
  000013f4    000013f4    00000004   00000004    r-- .const:ti_sysbios_knl_Task_allBlockedFunc__C
  000013f8    000013f8    00000004   00000004    r-- .const:ti_sysbios_knl_Task_defaultStackHeap__C
  000013fc    000013fc    00000004   00000004    r-- .const:ti_sysbios_knl_Task_defaultStackSize__C
  00001400    00001400    00000004   00000004    r-- .const:ti_sysbios_knl_Task_numConstructedTasks__C
  00001404    00001404    00000002   00000002    r-x .text.3
  00001406    00001406    00000002   00000002    r-- .const:ti_sysbios_family_arm_cc26xx_Timer_Module__id__C
  00001408    00001408    00000002   00000002    r-- .const:ti_sysbios_family_arm_cc26xx_TimestampProvider_useClockTimer__C
  0000140a    0000140a    00000002   00000002    r-- .const:ti_sysbios_family_arm_m3_Hwi_Module__id__C
  0000140c    0000140c    00000002   00000002    r-- .const:ti_sysbios_gates_GateHwi_Module__id__C
  0000140e    0000140e    00000002   00000002    r-- .const:ti_sysbios_gates_GateMutex_Module__id__C
  00001410    00001410    00000002   00000002    r-- .const:ti_sysbios_heaps_HeapMem_Module__id__C
  00001412    00001412    00000002   00000002    r-- .const:ti_sysbios_knl_Task_initStackFlag__C
  00001414    00001414    00000001   00000001    r-- .const:ti_sysbios_knl_Clock_tickMode__C
  00001418    00001418    00000008   00000008    r-- .const:xdc_runtime_Startup_firstFxns__C
  00001420    00001420    00000008   00000008    r-- .const:xdc_runtime_Startup_lastFxns__C
  00001428    00001428    00000004   00000004    r-- .const:xdc_runtime_Assert_E_assertFailed__C
  0000142c    0000142c    00000004   00000004    r-- .const:xdc_runtime_Error_E_memory__C
  00001430    00001430    00000004   00000004    r-- .const:xdc_runtime_Error_policyFxn__C
  00001434    00001434    00000004   00000004    r-- .const:xdc_runtime_IGateProvider_Interface__BASE__C
  00001438    00001438    00000004   00000004    r-- .const:xdc_runtime_IHeap_Interface__BASE__C
  0000143c    0000143c    00000004   00000004    r-- .const:xdc_runtime_IModule_Interface__BASE__C
  00001440    00001440    00000004   00000004    r-- .const:xdc_runtime_Main_Module__diagsEnabled__C
  00001444    00001444    00000004   00000004    r-- .const:xdc_runtime_Main_Module__diagsIncluded__C
  00001448    00001448    00000004   00000004    r-- .const:xdc_runtime_Main_Module__diagsMask__C
  0000144c    0000144c    00000004   00000004    r-- .const:xdc_runtime_Memory_defaultHeapInstance__C
  00001450    00001450    00000004   00000004    r-- .const:xdc_runtime_Startup_execImpl__C
  00001454    00001454    00000004   00000004    r-- .const:xdc_runtime_Startup_maxPasses__C
  00001458    00001458    00000004   00000004    r-- .const:xdc_runtime_Startup_sfxnRts__C
  0000145c    0000145c    00000004   00000004    r-- .const:xdc_runtime_Startup_sfxnTab__C
  00001460    00001460    00000004   00000004    r-- .const:xdc_runtime_Startup_startModsFxn__C
  00001464    00001464    00000004   00000004    r-- .const:xdc_runtime_SysCallback_abortFxn__C
  00001468    00001468    00000004   00000004    r-- .const:xdc_runtime_SysCallback_exitFxn__C
  0000146c    0000146c    00000004   00000004    r-- .const:xdc_runtime_System_abortFxn__C
  00001470    00001470    00000004   00000004    r-- .const:xdc_runtime_System_exitFxn__C
  00001474    00001474    00000004   00000004    r-- .const:xdc_runtime_System_maxAtexitHandlers__C
  00001478    00001478    00000004   00000004    r-- .const:xdc_runtime_Text_charTab__C
  0000147c    0000147c    00000004   00000004    r-- .const:xdc_runtime_Text_nameEmpty__C
  00001480    00001480    00000004   00000004    r-- .const:xdc_runtime_Text_nameStatic__C
  00001484    00001484    00000004   00000004    r-- .const:xdc_runtime_Text_nameUnknown__C
  00001488    00001488    00000002   00000002    r-- .const:xdc_runtime_Main_Module__id__C
  0000148a    0000148a    00000002   00000002    r-- .const:xdc_runtime_Memory_Module__id__C
  0000148c    0000148c    00000002   00000002    r-- .const:xdc_runtime_Text_charCnt__C
  0000148e    0000148e    00000002   00000002    r-- .const:xdc_runtime_Text_isLoaded__C
  00001490    00001490    00000001   00000001    r-- .const:xdc_runtime_Error_policy__C
  00001494    00001494    00000004   00000004    r-- .const:ti_sysbios_rom_ROM_AONRTCChannelEnable
  00001498    00001498    00000004   00000004    r-- .const:ti_sysbios_rom_ROM_AONRTCCompareValueSet
  0000149c    0000149c    00000004   00000004    r-- .const:ti_sysbios_rom_ROM_AONRTCCurrentCompareValueGet
  000014a0    000014a0    00000004   00000004    r-- .const:ti_sysbios_rom_ROM_AONRTCEventClear
  000014a4    000014a4    00000004   00000004    r-- .const:ti_sysbios_rom_ROM_ti_sysbios_family_arm_cc26xx_Timer_getCount64__E
  000014a8    000014a8    00000004   00000004    r-- .const:ti_sysbios_rom_ROM_ti_sysbios_family_arm_cc26xx_Timer_getCurrentTick__E
  000014ac    000014ac    00000004   00000004    r-- .const:ti_sysbios_rom_ROM_ti_sysbios_family_arm_cc26xx_Timer_getMaxTicks__E
  000014b0    000014b0    00000004   00000004    r-- .const:ti_sysbios_rom_ROM_ti_sysbios_family_arm_cc26xx_Timer_initDevice__I
  000014b4    000014b4    00000004   00000004    r-- .const:ti_sysbios_rom_ROM_ti_sysbios_family_arm_cc26xx_Timer_setNextTick__E
  000014b8    000014b8    00000004   00000004    r-- .const:ti_sysbios_rom_ROM_ti_sysbios_family_arm_cc26xx_Timer_setThreshold__I
  000014bc    000014bc    00000004   00000004    r-- .const:ti_sysbios_rom_ROM_ti_sysbios_family_arm_cc26xx_Timer_start__E
  000014c0    000014c0    00000004   00000004    r-- .const:ti_sysbios_rom_ROM_ti_sysbios_family_arm_cc26xx_TimestampProvider_get32__E
  000014c4    000014c4    00000004   00000004    r-- .const:ti_sysbios_rom_ROM_xdc_runtime_Startup_getState__I
  000014c8    000014c8    00000004   00000004    r-- .const:ti_sysbios_rom_ROM_xdc_runtime_System_SupportProxy_abort__E
  000014cc    000014cc    00000004   00000004    r-- .const:ti_sysbios_rom_ROM_xdc_runtime_System_SupportProxy_exit__E
  000014d0    000014d0    00000004   00000004    r-- .const:ti_sysbios_gates_GateMutex_Instance_State_sem__O
  000014d4    000014d4    00000004   00000004    r-- .const:ti_sysbios_knl_Clock_Module_State_clockQ__O
  000014d8    000014d8    00000004   00000004    r-- .const:ti_sysbios_knl_Mailbox_Instance_State_dataQue__O
  000014dc    000014dc    00000004   00000004    r-- .const:ti_sysbios_knl_Mailbox_Instance_State_dataSem__O
  000014e0    000014e0    00000004   00000004    r-- .const:ti_sysbios_knl_Mailbox_Instance_State_freeQue__O
  000014e4    000014e4    00000004   00000004    r-- .const:ti_sysbios_knl_Mailbox_Instance_State_freeSem__O
  000014e8    000014e8    00000004   00000004    r-- .const:ti_sysbios_knl_Semaphore_Instance_State_pendQ__O
  000014ec    000014ec    00000004   00000004    r-- .const:ti_sysbios_knl_Task_Module_State_inactiveQ__O
  000014f0    000014f0    000076f0   000076f0    r-x .text.4
  00008be0    00008be0    00000f60   00000f60    r-- .const
  00009b40    00009b40    000003b0   000003b0    r-- .cinit
0001ffa8    0001ffa8    00000058   00000058    r--
  0001ffa8    0001ffa8    00000058   00000058    r-- .ccfg
20000100    20000100    00000104   00000000    rw-
  20000100    20000100    00000044   00000000    rw- .data:ti_sysbios_knl_Task_Module__state__V
  20000144    20000144    00000034   00000000    rw- .data:ti_sysbios_family_arm_m3_Hwi_Module__state__V
  20000178    20000178    0000002c   00000000    rw- .data:ti_sysbios_knl_Clock_Module__state__V
  200001a4    200001a4    00000024   00000000    rw- .data:ti_sysbios_BIOS_Module__state__V
  200001c8    200001c8    0000001c   00000000    rw- .data:ti_sysbios_knl_Swi_Module__state__V
  200001e4    200001e4    00000008   00000000    rw- .data:ti_sysbios_family_arm_cc26xx_Timer_Module__state__V
  200001ec    200001ec    00000004   00000000    rw- .data:ti_sysbios_family_arm_cc26xx_TimestampProvider_Module__state__V
  200001f0    200001f0    00000008   00000000    rw- .data:xdc_runtime_Startup_Module__state__V
  200001f8    200001f8    00000008   00000000    rw- .data:xdc_runtime_System_Module__state__V
  20000200    20000200    00000004   00000000    rw- .data:xdc_runtime_Memory_Module__state__V
20000280    20000280    00002cad   00000000    rw-
  20000280    20000280    00002cad   00000000    rw- .bss
20002f30    20002f30    00001000   00000000    r--
  20002f30    20002f30    00001000   00000000    r-- .priheap
20003f30    20003f30    00000890   00000000    rw-
  20003f30    20003f30    00000890   00000000    rw- .data
20004c00    20004c00    00000400   00000000    rw-
  20004c00    20004c00    00000400   00000000    rw- .stack


SECTION ALLOCATION MAP

 output                                  attributes/
section   page    origin      length       input sections
--------  ----  ----------  ----------   ----------------
.const:ti_sysbios_knl_Task_Object__PARAMS__C 
*          0    00001000    0000003c     
                  00001000    0000003c     hello_pem3.oem3 (.const:ti_sysbios_knl_Task_Object__PARAMS__C)

.const:ti_sysbios_knl_Mailbox_Object__PARAMS__C 
*          0    0000103c    00000034     
                  0000103c    00000034     hello_pem3.oem3 (.const:ti_sysbios_knl_Mailbox_Object__PARAMS__C)

.const:ti_sysbios_family_arm_m3_Hwi_Object__PARAMS__C 
*          0    00001070    00000030     
                  00001070    00000030     hello_pem3.oem3 (.const:ti_sysbios_family_arm_m3_Hwi_Object__PARAMS__C)

.const:ti_sysbios_hal_Hwi_Object__PARAMS__C 
*          0    000010a0    0000002c     
                  000010a0    0000002c     hello_pem3.oem3 (.const:ti_sysbios_hal_Hwi_Object__PARAMS__C)

.const:ti_sysbios_heaps_HeapMem_Module__FXNS__C 
*          0    000010cc    00000028     
                  000010cc    00000028     hello_pem3.oem3 (.const:ti_sysbios_heaps_HeapMem_Module__FXNS__C)

.const:ti_sysbios_knl_Swi_Object__PARAMS__C 
*          0    000010f4    00000028     
                  000010f4    00000028     hello_pem3.oem3 (.const:ti_sysbios_knl_Swi_Object__PARAMS__C)

.const:ti_sysbios_gates_GateHwi_Module__FXNS__C 
*          0    0000111c    00000024     
                  0000111c    00000024     hello_pem3.oem3 (.const:ti_sysbios_gates_GateHwi_Module__FXNS__C)

.const:ti_sysbios_gates_GateMutex_Module__FXNS__C 
*          0    00001140    00000024     
                  00001140    00000024     hello_pem3.oem3 (.const:ti_sysbios_gates_GateMutex_Module__FXNS__C)

.const:ti_sysbios_heaps_HeapMem_Object__PARAMS__C 
*          0    00001164    00000024     
                  00001164    00000024     hello_pem3.oem3 (.const:ti_sysbios_heaps_HeapMem_Object__PARAMS__C)

.const:ti_sysbios_knl_Clock_Object__PARAMS__C 
*          0    00001188    00000024     
                  00001188    00000024     hello_pem3.oem3 (.const:ti_sysbios_knl_Clock_Object__PARAMS__C)

.const:ti_sysbios_knl_Semaphore_Object__PARAMS__C 
*          0    000011ac    00000024     
                  000011ac    00000024     hello_pem3.oem3 (.const:ti_sysbios_knl_Semaphore_Object__PARAMS__C)

.const:ti_sysbios_family_arm_m3_Hwi_Object__DESC__C 
*          0    000011d0    00000020     
                  000011d0    00000020     hello_pem3.oem3 (.const:ti_sysbios_family_arm_m3_Hwi_Object__DESC__C)

.const:ti_sysbios_gates_GateHwi_Object__DESC__C 
*          0    000011f0    00000020     
                  000011f0    00000020     hello_pem3.oem3 (.const:ti_sysbios_gates_GateHwi_Object__DESC__C)

.const:ti_sysbios_gates_GateMutex_Object__DESC__C 
*          0    00001210    00000020     
                  00001210    00000020     hello_pem3.oem3 (.const:ti_sysbios_gates_GateMutex_Object__DESC__C)

.const:ti_sysbios_hal_Hwi_Object__DESC__C 
*          0    00001230    00000020     
                  00001230    00000020     hello_pem3.oem3 (.const:ti_sysbios_hal_Hwi_Object__DESC__C)

.const:ti_sysbios_heaps_HeapMem_Object__DESC__C 
*          0    00001250    00000020     
                  00001250    00000020     hello_pem3.oem3 (.const:ti_sysbios_heaps_HeapMem_Object__DESC__C)

.const:ti_sysbios_knl_Clock_Object__DESC__C 
*          0    00001270    00000020     
                  00001270    00000020     hello_pem3.oem3 (.const:ti_sysbios_knl_Clock_Object__DESC__C)

.const:ti_sysbios_knl_Mailbox_Object__DESC__C 
*          0    00001290    00000020     
                  00001290    00000020     hello_pem3.oem3 (.const:ti_sysbios_knl_Mailbox_Object__DESC__C)

.const:ti_sysbios_knl_Queue_Object__DESC__C 
*          0    000012b0    00000020     
                  000012b0    00000020     hello_pem3.oem3 (.const:ti_sysbios_knl_Queue_Object__DESC__C)

.const:ti_sysbios_knl_Semaphore_Object__DESC__C 
*          0    000012d0    00000020     
                  000012d0    00000020     hello_pem3.oem3 (.const:ti_sysbios_knl_Semaphore_Object__DESC__C)

.const:ti_sysbios_knl_Swi_Object__DESC__C 
*          0    000012f0    00000020     
                  000012f0    00000020     hello_pem3.oem3 (.const:ti_sysbios_knl_Swi_Object__DESC__C)

.const:ti_sysbios_knl_Task_Object__DESC__C 
*          0    00001310    00000020     
                  00001310    00000020     hello_pem3.oem3 (.const:ti_sysbios_knl_Task_Object__DESC__C)

.const:ti_sysbios_gates_GateHwi_Object__PARAMS__C 
*          0    00001330    00000018     
                  00001330    00000018     hello_pem3.oem3 (.const:ti_sysbios_gates_GateHwi_Object__PARAMS__C)

.const:ti_sysbios_gates_GateMutex_Object__PARAMS__C 
*          0    00001348    00000018     
                  00001348    00000018     hello_pem3.oem3 (.const:ti_sysbios_gates_GateMutex_Object__PARAMS__C)

.const:ti_sysbios_knl_Queue_Object__PARAMS__C 
*          0    00001360    00000018     
                  00001360    00000018     hello_pem3.oem3 (.const:ti_sysbios_knl_Queue_Object__PARAMS__C)

.const:ti_sysbios_knl_Idle_funcList__C 
*          0    00001378    00000008     
                  00001378    00000008     hello_pem3.oem3 (.const:ti_sysbios_knl_Idle_funcList__C)

.const:ti_sysbios_family_arm_cc26xx_Timer_startupNeeded__C 
*          0    00001384    00000004     
                  00001384    00000004     hello_pem3.oem3 (.const:ti_sysbios_family_arm_cc26xx_Timer_startupNeeded__C)

.const:ti_sysbios_family_arm_m3_Hwi_E_alreadyDefined__C 
*          0    00001388    00000004     
                  00001388    00000004     hello_pem3.oem3 (.const:ti_sysbios_family_arm_m3_Hwi_E_alreadyDefined__C)

.const:ti_sysbios_family_arm_m3_Hwi_E_hwiLimitExceeded__C 
*          0    0000138c    00000004     
                  0000138c    00000004     hello_pem3.oem3 (.const:ti_sysbios_family_arm_m3_Hwi_E_hwiLimitExceeded__C)

.const:ti_sysbios_family_arm_m3_Hwi_NUM_INTERRUPTS__C 
*          0    00001390    00000004     
                  00001390    00000004     hello_pem3.oem3 (.const:ti_sysbios_family_arm_m3_Hwi_NUM_INTERRUPTS__C)

.const:ti_sysbios_family_arm_m3_Hwi_Object__count__C 
*          0    00001394    00000004     
                  00001394    00000004     hello_pem3.oem3 (.const:ti_sysbios_family_arm_m3_Hwi_Object__count__C)

.const:ti_sysbios_family_arm_m3_Hwi_Object__table__C 
*          0    00001398    00000004     
                  00001398    00000004     hello_pem3.oem3 (.const:ti_sysbios_family_arm_m3_Hwi_Object__table__C)

.const:ti_sysbios_family_arm_m3_Hwi_ccr__C 
*          0    0000139c    00000004     
                  0000139c    00000004     hello_pem3.oem3 (.const:ti_sysbios_family_arm_m3_Hwi_ccr__C)

.const:ti_sysbios_family_arm_m3_Hwi_excHandlerFunc__C 
*          0    000013a0    00000004     
                  000013a0    00000004     hello_pem3.oem3 (.const:ti_sysbios_family_arm_m3_Hwi_excHandlerFunc__C)

.const:ti_sysbios_family_arm_m3_Hwi_nullIsrFunc__C 
*          0    000013a4    00000004     
                  000013a4    00000004     hello_pem3.oem3 (.const:ti_sysbios_family_arm_m3_Hwi_nullIsrFunc__C)

.const:ti_sysbios_family_arm_m3_Hwi_numSparseInterrupts__C 
*          0    000013a8    00000004     
                  000013a8    00000004     hello_pem3.oem3 (.const:ti_sysbios_family_arm_m3_Hwi_numSparseInterrupts__C)

.const:ti_sysbios_family_arm_m3_Hwi_priGroup__C 
*          0    000013ac    00000004     
                  000013ac    00000004     hello_pem3.oem3 (.const:ti_sysbios_family_arm_m3_Hwi_priGroup__C)

.const:ti_sysbios_family_arm_m3_TaskSupport_stackAlignment__C 
*          0    000013b0    00000004     
                  000013b0    00000004     hello_pem3.oem3 (.const:ti_sysbios_family_arm_m3_TaskSupport_stackAlignment__C)

.const:ti_sysbios_heaps_HeapMem_E_memory__C 
*          0    000013b4    00000004     
                  000013b4    00000004     hello_pem3.oem3 (.const:ti_sysbios_heaps_HeapMem_E_memory__C)

.const:ti_sysbios_heaps_HeapMem_Module__gateObj__C 
*          0    000013b8    00000004     
                  000013b8    00000004     hello_pem3.oem3 (.const:ti_sysbios_heaps_HeapMem_Module__gateObj__C)

.const:ti_sysbios_heaps_HeapMem_Object__count__C 
*          0    000013bc    00000004     
                  000013bc    00000004     hello_pem3.oem3 (.const:ti_sysbios_heaps_HeapMem_Object__count__C)

.const:ti_sysbios_heaps_HeapMem_Object__table__C 
*          0    000013c0    00000004     
                  000013c0    00000004     hello_pem3.oem3 (.const:ti_sysbios_heaps_HeapMem_Object__table__C)

.const:ti_sysbios_heaps_HeapMem_reqAlign__C 
*          0    000013c4    00000004     
                  000013c4    00000004     hello_pem3.oem3 (.const:ti_sysbios_heaps_HeapMem_reqAlign__C)

.const:ti_sysbios_knl_Clock_serviceMargin__C 
*          0    000013c8    00000004     
                  000013c8    00000004     hello_pem3.oem3 (.const:ti_sysbios_knl_Clock_serviceMargin__C)

.const:ti_sysbios_knl_Mailbox_Object__count__C 
*          0    000013cc    00000004     
                  000013cc    00000004     hello_pem3.oem3 (.const:ti_sysbios_knl_Mailbox_Object__count__C)

.const:ti_sysbios_knl_Mailbox_Object__table__C 
*          0    000013d0    00000004     
                  000013d0    00000004     hello_pem3.oem3 (.const:ti_sysbios_knl_Mailbox_Object__table__C)

.const:ti_sysbios_knl_Mailbox_maxTypeAlign__C 
*          0    000013d4    00000004     
                  000013d4    00000004     hello_pem3.oem3 (.const:ti_sysbios_knl_Mailbox_maxTypeAlign__C)

.const:ti_sysbios_knl_Queue_Object__count__C 
*          0    000013d8    00000004     
                  000013d8    00000004     hello_pem3.oem3 (.const:ti_sysbios_knl_Queue_Object__count__C)

.const:ti_sysbios_knl_Queue_Object__table__C 
*          0    000013dc    00000004     
                  000013dc    00000004     hello_pem3.oem3 (.const:ti_sysbios_knl_Queue_Object__table__C)

.const:ti_sysbios_knl_Swi_Object__count__C 
*          0    000013e0    00000004     
                  000013e0    00000004     hello_pem3.oem3 (.const:ti_sysbios_knl_Swi_Object__count__C)

.const:ti_sysbios_knl_Swi_Object__table__C 
*          0    000013e4    00000004     
                  000013e4    00000004     hello_pem3.oem3 (.const:ti_sysbios_knl_Swi_Object__table__C)

.const:ti_sysbios_knl_Swi_numPriorities__C 
*          0    000013e8    00000004     
                  000013e8    00000004     hello_pem3.oem3 (.const:ti_sysbios_knl_Swi_numPriorities__C)

.const:ti_sysbios_knl_Task_Object__count__C 
*          0    000013ec    00000004     
                  000013ec    00000004     hello_pem3.oem3 (.const:ti_sysbios_knl_Task_Object__count__C)

.const:ti_sysbios_knl_Task_Object__table__C 
*          0    000013f0    00000004     
                  000013f0    00000004     hello_pem3.oem3 (.const:ti_sysbios_knl_Task_Object__table__C)

.const:ti_sysbios_knl_Task_allBlockedFunc__C 
*          0    000013f4    00000004     
                  000013f4    00000004     hello_pem3.oem3 (.const:ti_sysbios_knl_Task_allBlockedFunc__C)

.const:ti_sysbios_knl_Task_defaultStackHeap__C 
*          0    000013f8    00000004     
                  000013f8    00000004     hello_pem3.oem3 (.const:ti_sysbios_knl_Task_defaultStackHeap__C)

.const:ti_sysbios_knl_Task_defaultStackSize__C 
*          0    000013fc    00000004     
                  000013fc    00000004     hello_pem3.oem3 (.const:ti_sysbios_knl_Task_defaultStackSize__C)

.const:ti_sysbios_knl_Task_numConstructedTasks__C 
*          0    00001400    00000004     
                  00001400    00000004     hello_pem3.oem3 (.const:ti_sysbios_knl_Task_numConstructedTasks__C)

.const:ti_sysbios_family_arm_cc26xx_Timer_Module__id__C 
*          0    00001406    00000002     
                  00001406    00000002     hello_pem3.oem3 (.const:ti_sysbios_family_arm_cc26xx_Timer_Module__id__C)

.const:ti_sysbios_family_arm_cc26xx_TimestampProvider_useClockTimer__C 
*          0    00001408    00000002     
                  00001408    00000002     hello_pem3.oem3 (.const:ti_sysbios_family_arm_cc26xx_TimestampProvider_useClockTimer__C)

.const:ti_sysbios_family_arm_m3_Hwi_Module__id__C 
*          0    0000140a    00000002     
                  0000140a    00000002     hello_pem3.oem3 (.const:ti_sysbios_family_arm_m3_Hwi_Module__id__C)

.const:ti_sysbios_gates_GateHwi_Module__id__C 
*          0    0000140c    00000002     
                  0000140c    00000002     hello_pem3.oem3 (.const:ti_sysbios_gates_GateHwi_Module__id__C)

.const:ti_sysbios_gates_GateMutex_Module__id__C 
*          0    0000140e    00000002     
                  0000140e    00000002     hello_pem3.oem3 (.const:ti_sysbios_gates_GateMutex_Module__id__C)

.const:ti_sysbios_heaps_HeapMem_Module__id__C 
*          0    00001410    00000002     
                  00001410    00000002     hello_pem3.oem3 (.const:ti_sysbios_heaps_HeapMem_Module__id__C)

.const:ti_sysbios_knl_Task_initStackFlag__C 
*          0    00001412    00000002     
                  00001412    00000002     hello_pem3.oem3 (.const:ti_sysbios_knl_Task_initStackFlag__C)

.const:ti_sysbios_knl_Clock_tickMode__C 
*          0    00001414    00000001     
                  00001414    00000001     hello_pem3.oem3 (.const:ti_sysbios_knl_Clock_tickMode__C)

.const:xdc_runtime_Startup_firstFxns__C 
*          0    00001418    00000008     
                  00001418    00000008     hello_pem3.oem3 (.const:xdc_runtime_Startup_firstFxns__C)

.const:xdc_runtime_Startup_lastFxns__C 
*          0    00001420    00000008     
                  00001420    00000008     hello_pem3.oem3 (.const:xdc_runtime_Startup_lastFxns__C)

.const:xdc_runtime_Assert_E_assertFailed__C 
*          0    00001428    00000004     
                  00001428    00000004     hello_pem3.oem3 (.const:xdc_runtime_Assert_E_assertFailed__C)

.const:xdc_runtime_Error_E_memory__C 
*          0    0000142c    00000004     
                  0000142c    00000004     hello_pem3.oem3 (.const:xdc_runtime_Error_E_memory__C)

.const:xdc_runtime_Error_policyFxn__C 
*          0    00001430    00000004     
                  00001430    00000004     hello_pem3.oem3 (.const:xdc_runtime_Error_policyFxn__C)

.const:xdc_runtime_IGateProvider_Interface__BASE__C 
*          0    00001434    00000004     
                  00001434    00000004     hello_pem3.oem3 (.const:xdc_runtime_IGateProvider_Interface__BASE__C)

.const:xdc_runtime_IHeap_Interface__BASE__C 
*          0    00001438    00000004     
                  00001438    00000004     hello_pem3.oem3 (.const:xdc_runtime_IHeap_Interface__BASE__C)

.const:xdc_runtime_IModule_Interface__BASE__C 
*          0    0000143c    00000004     
                  0000143c    00000004     hello_pem3.oem3 (.const:xdc_runtime_IModule_Interface__BASE__C)

.const:xdc_runtime_Main_Module__diagsEnabled__C 
*          0    00001440    00000004     
                  00001440    00000004     hello_pem3.oem3 (.const:xdc_runtime_Main_Module__diagsEnabled__C)

.const:xdc_runtime_Main_Module__diagsIncluded__C 
*          0    00001444    00000004     
                  00001444    00000004     hello_pem3.oem3 (.const:xdc_runtime_Main_Module__diagsIncluded__C)

.const:xdc_runtime_Main_Module__diagsMask__C 
*          0    00001448    00000004     
                  00001448    00000004     hello_pem3.oem3 (.const:xdc_runtime_Main_Module__diagsMask__C)

.const:xdc_runtime_Memory_defaultHeapInstance__C 
*          0    0000144c    00000004     
                  0000144c    00000004     hello_pem3.oem3 (.const:xdc_runtime_Memory_defaultHeapInstance__C)

.const:xdc_runtime_Startup_execImpl__C 
*          0    00001450    00000004     
                  00001450    00000004     hello_pem3.oem3 (.const:xdc_runtime_Startup_execImpl__C)

.const:xdc_runtime_Startup_maxPasses__C 
*          0    00001454    00000004     
                  00001454    00000004     hello_pem3.oem3 (.const:xdc_runtime_Startup_maxPasses__C)

.const:xdc_runtime_Startup_sfxnRts__C 
*          0    00001458    00000004     
                  00001458    00000004     hello_pem3.oem3 (.const:xdc_runtime_Startup_sfxnRts__C)

.const:xdc_runtime_Startup_sfxnTab__C 
*          0    0000145c    00000004     
                  0000145c    00000004     hello_pem3.oem3 (.const:xdc_runtime_Startup_sfxnTab__C)

.const:xdc_runtime_Startup_startModsFxn__C 
*          0    00001460    00000004     
                  00001460    00000004     hello_pem3.oem3 (.const:xdc_runtime_Startup_startModsFxn__C)

.const:xdc_runtime_SysCallback_abortFxn__C 
*          0    00001464    00000004     
                  00001464    00000004     hello_pem3.oem3 (.const:xdc_runtime_SysCallback_abortFxn__C)

.const:xdc_runtime_SysCallback_exitFxn__C 
*          0    00001468    00000004     
                  00001468    00000004     hello_pem3.oem3 (.const:xdc_runtime_SysCallback_exitFxn__C)

.const:xdc_runtime_System_abortFxn__C 
*          0    0000146c    00000004     
                  0000146c    00000004     hello_pem3.oem3 (.const:xdc_runtime_System_abortFxn__C)

.const:xdc_runtime_System_exitFxn__C 
*          0    00001470    00000004     
                  00001470    00000004     hello_pem3.oem3 (.const:xdc_runtime_System_exitFxn__C)

.const:xdc_runtime_System_maxAtexitHandlers__C 
*          0    00001474    00000004     
                  00001474    00000004     hello_pem3.oem3 (.const:xdc_runtime_System_maxAtexitHandlers__C)

.const:xdc_runtime_Text_charTab__C 
*          0    00001478    00000004     
                  00001478    00000004     hello_pem3.oem3 (.const:xdc_runtime_Text_charTab__C)

.const:xdc_runtime_Text_nameEmpty__C 
*          0    0000147c    00000004     
                  0000147c    00000004     hello_pem3.oem3 (.const:xdc_runtime_Text_nameEmpty__C)

.const:xdc_runtime_Text_nameStatic__C 
*          0    00001480    00000004     
                  00001480    00000004     hello_pem3.oem3 (.const:xdc_runtime_Text_nameStatic__C)

.const:xdc_runtime_Text_nameUnknown__C 
*          0    00001484    00000004     
                  00001484    00000004     hello_pem3.oem3 (.const:xdc_runtime_Text_nameUnknown__C)

.const:xdc_runtime_Main_Module__id__C 
*          0    00001488    00000002     
                  00001488    00000002     hello_pem3.oem3 (.const:xdc_runtime_Main_Module__id__C)

.const:xdc_runtime_Memory_Module__id__C 
*          0    0000148a    00000002     
                  0000148a    00000002     hello_pem3.oem3 (.const:xdc_runtime_Memory_Module__id__C)

.const:xdc_runtime_Text_charCnt__C 
*          0    0000148c    00000002     
                  0000148c    00000002     hello_pem3.oem3 (.const:xdc_runtime_Text_charCnt__C)

.const:xdc_runtime_Text_isLoaded__C 
*          0    0000148e    00000002     
                  0000148e    00000002     hello_pem3.oem3 (.const:xdc_runtime_Text_isLoaded__C)

.const:xdc_runtime_Error_policy__C 
*          0    00001490    00000001     
                  00001490    00000001     hello_pem3.oem3 (.const:xdc_runtime_Error_policy__C)

.const:ti_sysbios_rom_ROM_AONRTCChannelEnable 
*          0    00001494    00000004     
                  00001494    00000004     hello_pem3.oem3 (.const:ti_sysbios_rom_ROM_AONRTCChannelEnable)

.const:ti_sysbios_rom_ROM_AONRTCCompareValueSet 
*          0    00001498    00000004     
                  00001498    00000004     hello_pem3.oem3 (.const:ti_sysbios_rom_ROM_AONRTCCompareValueSet)

.const:ti_sysbios_rom_ROM_AONRTCCurrentCompareValueGet 
*          0    0000149c    00000004     
                  0000149c    00000004     hello_pem3.oem3 (.const:ti_sysbios_rom_ROM_AONRTCCurrentCompareValueGet)

.const:ti_sysbios_rom_ROM_AONRTCEventClear 
*          0    000014a0    00000004     
                  000014a0    00000004     hello_pem3.oem3 (.const:ti_sysbios_rom_ROM_AONRTCEventClear)

.const:ti_sysbios_rom_ROM_ti_sysbios_family_arm_cc26xx_Timer_getCount64__E 
*          0    000014a4    00000004     
                  000014a4    00000004     hello_pem3.oem3 (.const:ti_sysbios_rom_ROM_ti_sysbios_family_arm_cc26xx_Timer_getCount64__E)

.const:ti_sysbios_rom_ROM_ti_sysbios_family_arm_cc26xx_Timer_getCurrentTick__E 
*          0    000014a8    00000004     
                  000014a8    00000004     hello_pem3.oem3 (.const:ti_sysbios_rom_ROM_ti_sysbios_family_arm_cc26xx_Timer_getCurrentTick__E)

.const:ti_sysbios_rom_ROM_ti_sysbios_family_arm_cc26xx_Timer_getMaxTicks__E 
*          0    000014ac    00000004     
                  000014ac    00000004     hello_pem3.oem3 (.const:ti_sysbios_rom_ROM_ti_sysbios_family_arm_cc26xx_Timer_getMaxTicks__E)

.const:ti_sysbios_rom_ROM_ti_sysbios_family_arm_cc26xx_Timer_initDevice__I 
*          0    000014b0    00000004     
                  000014b0    00000004     hello_pem3.oem3 (.const:ti_sysbios_rom_ROM_ti_sysbios_family_arm_cc26xx_Timer_initDevice__I)

.const:ti_sysbios_rom_ROM_ti_sysbios_family_arm_cc26xx_Timer_setNextTick__E 
*          0    000014b4    00000004     
                  000014b4    00000004     hello_pem3.oem3 (.const:ti_sysbios_rom_ROM_ti_sysbios_family_arm_cc26xx_Timer_setNextTick__E)

.const:ti_sysbios_rom_ROM_ti_sysbios_family_arm_cc26xx_Timer_setThreshold__I 
*          0    000014b8    00000004     
                  000014b8    00000004     hello_pem3.oem3 (.const:ti_sysbios_rom_ROM_ti_sysbios_family_arm_cc26xx_Timer_setThreshold__I)

.const:ti_sysbios_rom_ROM_ti_sysbios_family_arm_cc26xx_Timer_start__E 
*          0    000014bc    00000004     
                  000014bc    00000004     hello_pem3.oem3 (.const:ti_sysbios_rom_ROM_ti_sysbios_family_arm_cc26xx_Timer_start__E)

.const:ti_sysbios_rom_ROM_ti_sysbios_family_arm_cc26xx_TimestampProvider_get32__E 
*          0    000014c0    00000004     
                  000014c0    00000004     hello_pem3.oem3 (.const:ti_sysbios_rom_ROM_ti_sysbios_family_arm_cc26xx_TimestampProvider_get32__E)

.const:ti_sysbios_rom_ROM_xdc_runtime_Startup_getState__I 
*          0    000014c4    00000004     
                  000014c4    00000004     hello_pem3.oem3 (.const:ti_sysbios_rom_ROM_xdc_runtime_Startup_getState__I)

.const:ti_sysbios_rom_ROM_xdc_runtime_System_SupportProxy_abort__E 
*          0    000014c8    00000004     
                  000014c8    00000004     hello_pem3.oem3 (.const:ti_sysbios_rom_ROM_xdc_runtime_System_SupportProxy_abort__E)

.const:ti_sysbios_rom_ROM_xdc_runtime_System_SupportProxy_exit__E 
*          0    000014cc    00000004     
                  000014cc    00000004     hello_pem3.oem3 (.const:ti_sysbios_rom_ROM_xdc_runtime_System_SupportProxy_exit__E)

.const:ti_sysbios_gates_GateMutex_Instance_State_sem__O 
*          0    000014d0    00000004     
                  000014d0    00000004     hello_pem3.oem3 (.const:ti_sysbios_gates_GateMutex_Instance_State_sem__O)

.const:ti_sysbios_knl_Clock_Module_State_clockQ__O 
*          0    000014d4    00000004     
                  000014d4    00000004     hello_pem3.oem3 (.const:ti_sysbios_knl_Clock_Module_State_clockQ__O)

.const:ti_sysbios_knl_Mailbox_Instance_State_dataQue__O 
*          0    000014d8    00000004     
                  000014d8    00000004     hello_pem3.oem3 (.const:ti_sysbios_knl_Mailbox_Instance_State_dataQue__O)

.const:ti_sysbios_knl_Mailbox_Instance_State_dataSem__O 
*          0    000014dc    00000004     
                  000014dc    00000004     hello_pem3.oem3 (.const:ti_sysbios_knl_Mailbox_Instance_State_dataSem__O)

.const:ti_sysbios_knl_Mailbox_Instance_State_freeQue__O 
*          0    000014e0    00000004     
                  000014e0    00000004     hello_pem3.oem3 (.const:ti_sysbios_knl_Mailbox_Instance_State_freeQue__O)

.const:ti_sysbios_knl_Mailbox_Instance_State_freeSem__O 
*          0    000014e4    00000004     
                  000014e4    00000004     hello_pem3.oem3 (.const:ti_sysbios_knl_Mailbox_Instance_State_freeSem__O)

.const:ti_sysbios_knl_Semaphore_Instance_State_pendQ__O 
*          0    000014e8    00000004     
                  000014e8    00000004     hello_pem3.oem3 (.const:ti_sysbios_knl_Semaphore_Instance_State_pendQ__O)

.const:ti_sysbios_knl_Task_Module_State_inactiveQ__O 
*          0    000014ec    00000004     
                  000014ec    00000004     hello_pem3.oem3 (.const:ti_sysbios_knl_Task_Module_State_inactiveQ__O)

.cinit     0    00009b40    000003b0     
                  00009b40    00000272     (.cinit..data.load) [load image, compression = lzss]
                  00009db2    00000028     (.cinit..data:ti_sysbios_family_arm_m3_Hwi_Module__state__V.load) [load image, compression = lzss]
                  00009dda    00000021     (.cinit..data:ti_sysbios_knl_Task_Module__state__V.load) [load image, compression = lzss]
                  00009dfb    0000001f     (.cinit..data:ti_sysbios_BIOS_Module__state__V.load) [load image, compression = lzss]
                  00009e1a    0000001e     (.cinit..data:ti_sysbios_knl_Clock_Module__state__V.load) [load image, compression = lzss]
                  00009e38    00000010     (.cinit..data:ti_sysbios_knl_Swi_Module__state__V.load) [load image, compression = lzss]
                  00009e48    0000000c     (__TI_handler_table)
                  00009e54    0000000b     (.cinit..data:ti_sysbios_family_arm_cc26xx_Timer_Module__state__V.load) [load image, compression = lzss]
                  00009e5f    0000000b     (.cinit..data:xdc_runtime_System_Module__state__V.load) [load image, compression = lzss]
                  00009e6a    00000006     --HOLE-- [fill = 0]
                  00009e70    00000008     (.cinit..bss.load) [load image, compression = zero_init]
                  00009e78    00000008     (.cinit..data:xdc_runtime_Memory_Module__state__V.load) [load image, compression = lzss]
                  00009e80    00000007     (.cinit..data:ti_sysbios_family_arm_cc26xx_TimestampProvider_Module__state__V.load) [load image, compression = lzss]
                  00009e87    00000007     (.cinit..data:xdc_runtime_Startup_Module__state__V.load) [load image, compression = lzss]
                  00009e8e    00000002     --HOLE-- [fill = 0]
                  00009e90    00000060     (__TI_cinit_table)

.init_array 
*          0    00000000    00000000     UNINITIALIZED

.ccfg      0    0001ffa8    00000058     
                  0001ffa8    00000058     ccfg.obj (.ccfg:retain)

.data:ti_sysbios_knl_Task_Module__state__V 
*          0    20000100    00000044     UNINITIALIZED
                  20000100    00000044     hello_pem3.oem3 (.data:ti_sysbios_knl_Task_Module__state__V)

.data:ti_sysbios_family_arm_m3_Hwi_Module__state__V 
*          0    20000144    00000034     UNINITIALIZED
                  20000144    00000034     hello_pem3.oem3 (.data:ti_sysbios_family_arm_m3_Hwi_Module__state__V)

.data:ti_sysbios_knl_Clock_Module__state__V 
*          0    20000178    0000002c     UNINITIALIZED
                  20000178    0000002c     hello_pem3.oem3 (.data:ti_sysbios_knl_Clock_Module__state__V)

.data:ti_sysbios_BIOS_Module__state__V 
*          0    200001a4    00000024     UNINITIALIZED
                  200001a4    00000024     hello_pem3.oem3 (.data:ti_sysbios_BIOS_Module__state__V)

.data:ti_sysbios_knl_Swi_Module__state__V 
*          0    200001c8    0000001c     UNINITIALIZED
                  200001c8    0000001c     hello_pem3.oem3 (.data:ti_sysbios_knl_Swi_Module__state__V)

.data:ti_sysbios_family_arm_cc26xx_Timer_Module__state__V 
*          0    200001e4    00000008     UNINITIALIZED
                  200001e4    00000008     hello_pem3.oem3 (.data:ti_sysbios_family_arm_cc26xx_Timer_Module__state__V)

.data:ti_sysbios_family_arm_cc26xx_TimestampProvider_Module__state__V 
*          0    200001ec    00000004     UNINITIALIZED
                  200001ec    00000004     hello_pem3.oem3 (.data:ti_sysbios_family_arm_cc26xx_TimestampProvider_Module__state__V)

.data:xdc_runtime_Startup_Module__state__V 
*          0    200001f0    00000008     UNINITIALIZED
                  200001f0    00000008     hello_pem3.oem3 (.data:xdc_runtime_Startup_Module__state__V)

.data:xdc_runtime_System_Module__state__V 
*          0    200001f8    00000008     UNINITIALIZED
                  200001f8    00000008     hello_pem3.oem3 (.data:xdc_runtime_System_Module__state__V)

.data:xdc_runtime_Memory_Module__state__V 
*          0    20000200    00000004     UNINITIALIZED
                  20000200    00000004     hello_pem3.oem3 (.data:xdc_runtime_Memory_Module__state__V)

.bss       0    20000280    00002cad     UNINITIALIZED
                  20000280    000007d0     main.obj (.bss:gpsTaskStack)
                  20000a50    00000028     (.common:watchdogCC26XXObjects)
                  20000a78    00000008     dpl_cc13x0.aem3 : PowerCC26XX_tirtos.oem3 (.bss:$O1$$)
                  20000a80    00000400     (.common:ti_uia_loggers_LoggerStopMode_Instance_State_0_packetArray__A)
                  20000e80    00000400     (.common:ti_uia_loggers_LoggerStopMode_Instance_State_1_packetArray__A)
                  20001280    000003e8     main.obj (.bss:i2cTaskStack)
                  20001668    00000380     rf_multiMode_cc13x0.aem3 : RFCC26XX_multiMode.oem3 (.bss:$O1$$)
                  200019e8    000002bc     main.obj (.bss:txDataTaskStack)
                  20001ca4    00000200     (.common:xdc_runtime_SysMin_Module_State_0_outbuf__A)
                  20001ea4    00000190     main.obj (.bss:adcTaskStack)
                  20002034    00000190     main.obj (.bss:startupTaskStack)
                  200021c4    00000128     (.common:uartCC26XXObjects)
                  200022ec    00000120     rtsv7M3_T_le_eabi.lib : trgmsg.c.obj (.bss:_CIOBUF_)
                  2000240c    000000e0     (.common:i2cCC26xxObjects)
                  200024ec    000000dc     (.common:adcCC26xxObjects)
                  200025c8    000000c8     HardLink.obj (.bss:rfObject)
                  20002690    000000c8     (.common:ti_sysbios_family_arm_m3_Hwi_dispatchTable)
                  20002758    000000c0     (.common:RF_cmdTx)
                  20002818    00000060     main.obj (.bss)
                  20002878    00000058     HardLink.obj (.bss:rxDataEntryBuffer)
                  200028d0    00000050     (.common:adcTask)
                  20002920    00000050     (.common:gpsTask)
                  20002970    00000050     (.common:i2cTask)
                  200029c0    00000050     (.common:startupTask)
                  20002a10    00000050     (.common:txDataTask)
                  20002a60    00000040     (.common:packet_data)
                  20002aa0    00000026     (.common:settings)
                  20002ac6    00000002     drivers_cc13x0.aem3 : UARTCC26XX.oem3 (.bss)
                  20002ac8    00000024     (.common:uartParams)
                  20002aec    00000014     rf_multiMode_cc13x0.aem3 : RFCC26XX_multiMode.oem3 (.bss:RF_ratSyncCmd)
                  20002b00    00000030     (.common:ti_uia_loggers_LoggerStopMode_Instance_State_0_hdr__A)
                  20002b30    00000020     (.common:uartCC26XXRingBuffer)
                  20002b50    0000001c     rtsv7M3_T_le_eabi.lib : vla_alloc.c.obj (.bss:$O1$$)
                  20002b6c    00000014     driverlib.lib : osc.obj (.bss:oscHfGlobals)
                  20002b80    00000030     (.common:ti_uia_loggers_LoggerStopMode_Instance_State_1_hdr__A)
                  20002bb0    0000001c     main.obj (.bss:accelDoneSemaphore)
                  20002bcc    0000001c     main.obj (.bss:accelLockSemaphore)
                  20002be8    0000001c     main.obj (.bss:accelSemaphore)
                  20002c04    0000001c     main.obj (.bss:batonSemaphore)
                  20002c20    0000001c     main.obj (.bss:gpsLockSemaphore)
                  20002c3c    0000001c     main.obj (.bss:gpsfixSemaphore)
                  20002c58    0000001c     main.obj (.bss:gyroDoneSemaphore)
                  20002c74    0000001c     main.obj (.bss:gyroLockSemaphore)
                  20002c90    0000001c     main.obj (.bss:gyroSemaphore)
                  20002cac    0000001c     main.obj (.bss:humidityLockSemaphore)
                  20002cc8    0000001c     main.obj (.bss:i2cDoneSemaphore)
                  20002ce4    0000001c     main.obj (.bss:lbtDoneSemaphore)
                  20002d00    0000001c     main.obj (.bss:lightsensorDoneSemaphore)
                  20002d1c    0000001c     main.obj (.bss:lightsensorLockSemaphore)
                  20002d38    0000001c     main.obj (.bss:magLockSemaphore)
                  20002d54    0000001c     main.obj (.bss:magSemaphore)
                  20002d70    0000001c     main.obj (.bss:readSemaphore)
                  20002d8c    0000001c     HardLink.obj (.bss:rfParams)
                  20002da8    0000001c     main.obj (.bss:rxRestartSemaphore)
                  20002dc4    0000001c     main.obj (.bss:startSemaphore)
                  20002de0    0000001c     main.obj (.bss:temphumidityDoneSemaphore)
                  20002dfc    0000001c     main.obj (.bss:txDataSemaphore)
                  20002e18    0000001c     (.common:i2cTransaction)
                  20002e34    00000010     HardLink.obj (.bss)
                  20002e44    00000010     (.common:i2cParams)
                  20002e54    0000000c     main.obj (.bss:pinState)
                  20002e60    0000000c     (.common:aBias)
                  20002e6c    0000000c     (.common:gBias)
                  20002e78    0000000c     (.common:mBias)
                  20002e84    00000008     HardLink.obj (.bss:dataQueue)
                  20002e8c    00000008     driverlib.lib : sys_ctrl.obj (.bss:powerQualGlobals)
                  20002e94    00000008     (.common:aBiasRaw)
                  20002e9c    00000008     (.common:gBiasRaw)
                  20002ea4    00000008     (.common:mBiasRaw)
                  20002eac    00000008     (.common:params)
                  20002eb4    00000008     (.common:parmbuf)
                  20002ebc    00000004     (.common:ClockP_tickPeriod)
                  20002ec0    00000004     (.common:aRes)
                  20002ec4    00000004     (.common:adc0)
                  20002ec8    00000004     (.common:adc1)
                  20002ecc    00000004     (.common:adc3)
                  20002ed0    00000004     (.common:adcValue0MicroVolt)
                  20002ed4    00000004     (.common:adcValue1MicroVolt)
                  20002ed8    00000004     (.common:adcValue3MicroVolt)
                  20002edc    00000004     (.common:adcValue3MicroVolt_2)
                  20002ee0    00000004     (.common:capacitor_charge_uv)
                  20002ee4    00000004     (.common:gRes)
                  20002ee8    00000004     (.common:i2c)
                  20002eec    00000004     (.common:mRes)
                  20002ef0    00000004     (.common:packet_current)
                  20002ef4    00000004     (.common:packet_length)
                  20002ef8    00000004     (.common:readEntry)
                  20002efc    00000004     (.common:sendAsync_cb)
                  20002f00    00000004     (.common:uart)
                  20002f04    00000004     (.common:watchdogHandle)
                  20002f08    00000002     (.common:adcValue0)
                  20002f0a    00000002     (.common:adcValue1)
                  20002f0c    00000002     (.common:adcValue3)
                  20002f0e    00000002     (.common:adcValue3_2)
                  20002f10    00000002     (.common:ax)
                  20002f12    00000002     (.common:ay)
                  20002f14    00000002     (.common:az)
                  20002f16    00000002     (.common:capacitor_charge)
                  20002f18    00000002     (.common:gx)
                  20002f1a    00000002     (.common:gy)
                  20002f1c    00000002     (.common:gz)
                  20002f1e    00000002     (.common:mx)
                  20002f20    00000002     (.common:my)
                  20002f22    00000002     (.common:mz)
                  20002f24    00000002     (.common:raw_humidity)
                  20002f26    00000002     (.common:raw_temp)
                  20002f28    00000001     rf_multiMode_cc13x0.aem3 : RFCC26XX_multiMode.oem3 (.bss)
                  20002f29    00000001     (.common:_autoCalc)
                  20002f2a    00000001     (.common:_mAddress)
                  20002f2b    00000001     (.common:_xgAddress)
                  20002f2c    00000001     (.common:driverlib_release_0_52354)

.data      0    20003f30    00000890     UNINITIALIZED
                  20003f30    00000200     main.obj (.data:input)
                  20004130    00000114     drivers_cc13x0.aem3 : PINCC26XX.oem3 (.data:$O1$$)
                  20004244    00000114                         : PowerCC26XX.oem3 (.data:PowerCC26XX_module)
                  20004358    00000068     hello_pem3.oem3 (.data:ti_uia_loggers_LoggerStopMode_Object__table__V)
                  200043c0    00000054     smartrf_settings.obj (.data:pOverrides)
                  20004414    00000048     main.obj (.data)
                  2000445c    00000004     rtsv7M3_T_le_eabi.lib : stkdepth_vars.c.obj (.data)
                  20004460    00000048     hello_pem3.oem3 (.data:ti_sysbios_family_arm_cc26xx_Timer_Object__table__V)
                  200044a8    00000040     HardLink.obj (.data:prs_0)
                  200044e8    00000040     HardLink.obj (.data:prs_1)
                  20004528    00000038     hello_pem3.oem3 (.data:ti_sysbios_gates_GateMutex_Object__table__V)
                  20004560    00000030     hello_pem3.oem3 (.data:ti_sysbios_knl_Swi_Module_State_0_readyQ__A)
                  20004590    00000030     hello_pem3.oem3 (.data:ti_sysbios_knl_Swi_Object__table__V)
                  200045c0    00000030     hello_pem3.oem3 (.data:ti_sysbios_knl_Task_Module_State_0_readyQ__A)
                  200045f0    00000028     smartrf_settings.obj (.data:RF_cmdPropRadioDivSetup)
                  20004618    00000024     smartrf_settings.obj (.data:RF_cmdPropRx)
                  2000463c    00000024     main.obj (.data:pinTable)
                  20004660    00000020     drivers_cc13x0.aem3 : ADCCC26XX.oem3 (.data:$O1$$)
                  20004680    00000020     hello_pem3.oem3 (.data:ti_sysbios_knl_Clock_Object__table__V)
                  200046a0    00000020     hello_pem3.oem3 (.data:xdc_runtime_Error_IgnoreBlock)
                  200046c0    00000018     smartrf_settings.obj (.data:RF_cmdFs)
                  200046d8    00000018     hello_pem3.oem3 (.data:ti_sysbios_family_arm_m3_Hwi_Object__table__V)
                  200046f0    00000018     hello_pem3.oem3 (.data:ti_sysbios_heaps_HeapMem_Object__table__V)
                  20004708    00000010     smartrf_settings.obj (.data:RF_prop)
                  20004718    0000000c     hello_pem3.oem3 (.data:ti_sysbios_knl_Task_Module__root__V)
                  20004724    0000000c     hello_pem3.oem3 (.data:ti_uia_runtime_QueueDescriptor_Module__state__V)
                  20004730    0000000c     hello_pem3.oem3 (.data:xdc_runtime_SysMin_Module__state__V)
                  2000473c    00000008     rtsv7M3_T_le_eabi.lib : _lock.c.obj (.data:$O1$$)
                  20004744    00000008     ti.uia.runtime.aem3 : QueueDescriptor.oem3 (.data)
                  2000474c    00000008     hello_pem3.oem3 (.data:ti_sysbios_family_arm_m3_Hwi_Module__root__V)
                  20004754    00000008     hello_pem3.oem3 (.data:ti_sysbios_gates_GateHwi_Module__root__V)
                  2000475c    00000008     hello_pem3.oem3 (.data:ti_sysbios_gates_GateMutex_Module__root__V)
                  20004764    00000008     hello_pem3.oem3 (.data:ti_sysbios_hal_Hwi_Module__root__V)
                  2000476c    00000008     hello_pem3.oem3 (.data:ti_sysbios_heaps_HeapMem_Module__root__V)
                  20004774    00000008     hello_pem3.oem3 (.data:ti_sysbios_knl_Clock_Module__root__V)
                  2000477c    00000008     hello_pem3.oem3 (.data:ti_sysbios_knl_Mailbox_Module__root__V)
                  20004784    00000008     hello_pem3.oem3 (.data:ti_sysbios_knl_Queue_Module__root__V)
                  2000478c    00000008     hello_pem3.oem3 (.data:ti_sysbios_knl_Semaphore_Module__root__V)
                  20004794    00000008     hello_pem3.oem3 (.data:ti_sysbios_knl_Swi_Module__root__V)
                  2000479c    00000008     hello_pem3.oem3 (.data:ti_uia_loggers_LoggerStopMode_Module__root__V)
                  200047a4    00000008     hello_pem3.oem3 (.data:xdc_runtime_System_Module_State_0_atexitHandlers__A)
                  200047ac    00000004     hello_pem3.oem3 (.data:ti_sysbios_family_arm_m3_Hwi_Module_State_0_excContext__A)
                  200047b0    00000004     hello_pem3.oem3 (.data:ti_sysbios_family_arm_m3_Hwi_Module_State_0_excStack__A)
                  200047b4    00000004     hello_pem3.oem3 (.data:ti_sysbios_knl_Task_Module_State_0_idleTask__A)
                  200047b8    00000002     hello_pem3.oem3 (.data:ti_sysbios_family_arm_m3_Hwi_Module_State_0_excActive__A)
                  200047ba    00000002     hello_pem3.oem3 (.data:xdc_runtime_Main_Module__root__V)
                  200047bc    00000001     drivers_cc13x0.aem3 : ADC.oem3 (.data)
                  200047bd    00000001                         : I2C.oem3 (.data)
                  200047be    00000001                         : UART.oem3 (.data)
                  200047bf    00000001                         : Watchdog.oem3 (.data)

.priheap   0    20002f30    00001000     UNINITIALIZED
                  20002f30    00001000     --HOLE--

.stack     0    20004c00    00000400     UNINITIALIZED
                  20004c00    00000400     --HOLE--

.bootVecs 
*          0    00000000    00000008     DSECT
                  00000000    00000008     boot.aem3 : boot.oem3 (.bootVecs)

.resetVecs 
*          0    00000000    0000003c     
                  00000000    0000003c     hello_pem3.oem3 (.resetVecs)

.vecs      0    20000000    000000c8     NOLOAD SECTION
                  20000000    000000c8     hello_pem3.oem3 (.vecs)

xdc.meta   0    00000000    000000ef     COPY SECTION
                  00000000    000000ef     hello_pem3.oem3 (xdc.meta)

xdc.noload 
*          0    00000000    00000000     COPY SECTION

.binit     0    00000000    00000000     

.text.1    0    0000003c    00000fc4     
                  0000003c    00000388     rf_multiMode_cc13x0.aem3 : RFCC26XX_multiMode.oem3 (.text:RF_fsmActiveState)
                  000003c4    00000008     (.tramp.ti_sysbios_family_arm_m3_Hwi_restoreFxn__E.1)
                  000003cc    0000030c     drivers_cc13x0.aem3 : PowerCC26XX_calibrateRCOSC.oem3 (.text:PowerCC26XX_auxISR)
                  000006d8    0000026c     main.obj (.text:txDataTaskFunc)
                  00000944    00000008     (.tramp.ti_sysbios_knl_Semaphore_pend__E.1)
                  0000094c    00000008     (.tramp.ti_sysbios_knl_Task_sleep__E.1)
                  00000954    00000008     (.tramp.ti_sysbios_knl_Semaphore_post__E.1)
                  0000095c    00000228     driverlib.lib : sys_ctrl.obj (.text:NOROM_SysCtrlSetRechargeBeforePowerDown)
                  00000b84    00000224     drivers_cc13x0.aem3 : PowerCC26XX.oem3 (.text:Power_sleep)
                  00000da8    00000008     (.tramp.ti_sysbios_knl_Swi_restore__E.1)
                  00000db0    00000214     main.obj (.text:semaphoreSetup)
                  00000fc4    00000008     (.tramp.ti_sysbios_knl_Semaphore_Params__init__S.1)
                  00000fcc    00000008     (.tramp.ti_sysbios_knl_Semaphore_construct.1)
                  00000fd4    0000002c     driverlib.lib : ddi.obj (.text:NOROM_DDI32RegWrite)

.text.2    0    00001380    00000004     
                  00001380    00000004     dpl_cc13x0.aem3 : PowerCC26XX_tirtos.oem3 (.text:CPUwfi)

.text.3    0    00001404    00000002     
                  00001404    00000002     rf_multiMode_cc13x0.aem3 : RFCC26XX_multiMode.oem3 (.text:RF_defaultCallback)

.text.4    0    000014f0    000076f0     
                  000014f0    000001e4     rf_multiMode_cc13x0.aem3 : RFCC26XX_multiMode.oem3 (.text:RF_open)
                  000016d4    000001c4     main.obj (.text:i2cTaskFunc)
                  00001898    000001b8     drivers_cc13x0.aem3 : PINCC26XX.oem3 (.text:PIN_init)
                  00001a50    00000190                         : PowerCC26XX_calibrateRCOSC.oem3 (.text:PowerCC26XX_doCalibrate)
                  00001be0    0000015c                         : UARTCC26XX.oem3 (.text:UARTCC26XX_open)
                  00001d3c    0000015c     main.obj (.text:startupTaskFunc)
                  00001e98    00000154     drivers_cc13x0.aem3 : I2CCC26XX.oem3 (.text:I2CCC26XX_open)
                  00001fec    00000148                         : UARTCC26XX.oem3 (.text:UARTCC26XX_hwiIntFxn)
                  00002134    00000144     rf_multiMode_cc13x0.aem3 : RFCC26XX_multiMode.oem3 (.text:RF_radioOpDoneCb)
                  00002278    00000138     hello_pem3.oem3 (.text:ti_uia_loggers_LoggerStopMode_writeMemoryRange__E)
                  000023b0    00000134     drivers_cc13x0.aem3 : UARTCC26XX.oem3 (.text:UARTCC26XX_read)
                  000024e4    00000134     rtsv7M3_T_le_eabi.lib : vla_alloc.c.obj (.text:__vla_alloc)
                  00002618    00000128     rf_multiMode_cc13x0.aem3 : RFCC26XX_multiMode.oem3 (.text:RF_fsmSetupState)
                  00002740    00000124     driverlib.lib : setup_rom.obj (.text:NOROM_SetupAfterColdResetWakeupFromShutDownCfg3)
                  00002864    00000114     drivers_cc13x0.aem3 : PowerCC26XX.oem3 (.text:Power_init)
                  00002978    00000110                         : I2CCC26XX.oem3 (.text:I2CCC26XX_hwiFxn)
                  00002a88    0000010c     hello_pem3.oem3 (.text:ti_uia_loggers_LoggerStopMode_write8__E)
                  00002b94    00000108     rf_multiMode_cc13x0.aem3 : RFCC26XX_multiMode.oem3 (.text:RF_dispatchNextCmd)
                  00002c9c    00000108                              : RFCC26XX_multiMode.oem3 (.text:RF_fsmChangePhyState)
                  00002da4    00000104     drivers_cc13x0.aem3 : UARTCC26XX.oem3 (.text:UARTCC26XX_write)
                  00002ea8    000000f4     hello_pem3.oem3 (.text:ti_uia_loggers_LoggerStopMode_write4__E)
                  00002f9c    000000f0     driverlib.lib : setup_rom.obj (.text:NOROM_SetupAfterColdResetWakeupFromShutDownCfg2)
                  0000308c    000000f0     rf_multiMode_cc13x0.aem3 : RFCC26XX_multiMode.oem3 (.text:RF_pendCmd)
                  0000317c    000000e8     HardLink.obj (.text:pack_commands)
                  00003264    000000e8     hello_pem3.oem3 (.text:ti_uia_loggers_LoggerStopMode_write1__E)
                  0000334c    000000e8     hello_pem3.oem3 (.text:ti_uia_loggers_LoggerStopMode_write2__E)
                  00003434    000000e4     dpl_cc13x0.aem3 : PowerCC26XX_tirtos.oem3 (.text:PowerCC26XX_standbyPolicy)
                  00003518    000000e0     rf_multiMode_cc13x0.aem3 : RFCC26XX_multiMode.oem3 (.text:RF_fsmPowerUpState)
                  000035f8    000000e0     main.obj (.text:gpsFunc)
                  000036d8    000000dc     drivers_cc13x0.aem3 : PINCC26XX.oem3 (.text:PINCC26XX_setIoCfg)
                  000037b4    000000dc     main.obj (.text:adcTaskFunc)
                  00003890    000000d8     drivers_cc13x0.aem3 : ADCCC26XX.oem3 (.text:ADCCC26XX_convert)
                  00003968    000000d8     hello_pem3.oem3 (.text:ti_uia_loggers_LoggerStopMode_write0__E)
                  00003a40    000000d4     main.obj (.text:LSM9DS1init)
                  00003b14    000000d4     driverlib.lib : rfc.obj (.text:NOROM_RFCRfTrimRead)
                  00003be8    000000cc                   : rfc.obj (.text:NOROM_RFCRTrim)
                  00003cb4    000000cc     rf_multiMode_cc13x0.aem3 : RFCC26XX_multiMode.oem3 (.text:RF_swiHw)
                  00003d80    000000c4                              : RFCC26XX_multiMode.oem3 (.text:RF_hwiCpe0Active)
                  00003e44    000000c4     driverlib.lib : setup.obj (.text:TrimAfterColdResetWakeupFromShutDown)
                  00003f08    000000c0     drivers_cc13x0.aem3 : I2CCC26XX.oem3 (.text:I2CCC26XX_transfer)
                  00003fc8    000000c0     driverlib.lib : aux_adc.obj (.text:NOROM_AUXADCEnableSync)
                  00004088    000000bc     drivers_cc13x0.aem3 : PowerCC26XX.oem3 (.text:Power_releaseDependency)
                  00004144    000000b4                         : PowerCC26XX.oem3 (.text:Power_setDependency)
                  000041f8    000000b4     main.obj (.text:initGyro)
                  000042ac    000000a8     driverlib.lib : setup.obj (.text:NOROM_SetupTrimDevice)
                  00004354    000000a4                   : setup_rom.obj (.text:NOROM_SetupAfterColdResetWakeupFromShutDownCfg1)
                  000043f8    000000a4     rf_multiMode_cc13x0.aem3 : RFCC26XX_multiMode.oem3 (.text:RF_postCmd)
                  0000449c    000000a4     drivers_cc13x0.aem3 : UARTCC26XX.oem3 (.text:UARTCC26XX_initHw)
                  00004540    000000a4                         : PowerCC26XX.oem3 (.text:switchXOSCHFclockFunc)
                  000045e4    000000a0     rf_multiMode_cc13x0.aem3 : RFCC26XX_multiMode.oem3 (.text:RF_ratRestartChannels)
                  00004684    000000a0     auto_init.aem3 : auto_init.oem3 (.text)
                  00004724    0000009c     driverlib.lib : aux_adc.obj (.text:NOROM_AUXADCDisable)
                  000047c0    0000009c     drivers_cc13x0.aem3 : UARTCC26XX.oem3 (.text:UARTCC26XX_writeCancel)
                  0000485c    0000009c                         : WatchdogCC26XX.oem3 (.text:WatchdogCC26XX_open)
                  000048f8    0000009c     rtsv7M3_T_le_eabi.lib : memcpy_t2.asm.obj (.text)
                  00004994    00000098     drivers_cc13x0.aem3 : PINCC26XX.oem3 (.text:PIN_open)
                  00004a2c    00000098     rf_multiMode_cc13x0.aem3 : RFCC26XX_multiMode.oem3 (.text:RF_calculateDispatchTime)
                  00004ac4    00000098     drivers_cc13x0.aem3 : UARTCC26XX.oem3 (.text:UARTCC26XX_initIO)
                  00004b5c    00000098                         : UARTCC26XX.oem3 (.text:UARTCC26XX_swiIntFxn)
                  00004bf4    00000098     rom_sysbios.aem3 : rom_sysbios.obj (.text:ti_sysbios_knl_Clock_workFuncDynamic__E)
                  00004c8c    00000096     rtsv7M3_T_le_eabi.lib : ull_div_t2.asm.obj (.text)
                  00004d22    00000002     drivers_cc13x0.aem3 : WatchdogCC26XX.oem3 (.text:WatchdogCC26XX_close)
                  00004d24    00000094     main.obj (.text:initAccel)
                  00004db8    00000090     drivers_cc13x0.aem3 : I2CCC26XX.oem3 (.text:I2CCC26XX_cancel)
                  00004e48    00000090     rom_sysbios.aem3 : rom_sysbios.obj (.text:ti_sysbios_family_arm_cc26xx_Timer_start__E)
                  00004ed8    00000090     ti.uia.loggers.aem3 : LoggerStopMode.oem3 (.text:ti_uia_loggers_LoggerStopMode_initQueueDescriptor__E)
                  00004f68    0000008c     HardLink.obj (.text:HardLink_init)
                  00004ff4    0000008c     drivers_cc13x0.aem3 : I2CCC26XX.oem3 (.text:I2CCC26XX_primeTransfer)
                  00005080    00000088                         : ADCCC26XX.oem3 (.text:ADCCC26XX_open)
                  00005108    00000088     RFQueue.obj (.text:RFQueue_defineQueue)
                  00005190    00000088     main.obj (.text:initMag)
                  00005218    00000084     rf_multiMode_cc13x0.aem3 : RFCC26XX_multiMode.oem3 (.text:RF_issueRadioFreeCb)
                  0000529c    00000084     drivers_cc13x0.aem3 : UARTCC26XX.oem3 (.text:UARTCC26XX_close)
                  00005320    00000080     rf_multiMode_cc13x0.aem3 : RFCC26XX_multiMode.oem3 (.text:RF_hwiHw)
                  000053a0    0000007c     HardLink.obj (.text:HardLink_setFrequency)
                  0000541c    0000007c     rf_multiMode_cc13x0.aem3 : RFCC26XX_multiMode.oem3 (.text:RF_ratFreeChannel)
                  00005498    0000007c     main.obj (.text:readAccel)
                  00005514    0000007c     main.obj (.text:readGyro)
                  00005590    0000007c     smartrf_settings.obj (.text:rf_patch_rfe_genfsk)
                  0000560c    0000007a     rtsv7M3_T_le_eabi.lib : memset_t2.asm.obj (.text)
                  00005686    00000002                           : _lock.c.obj (.text:_nop)
                  00005688    00000078                           : vla_alloc.c.obj (.text:_ZN33_INTERNAL_11_vla_alloc_c_be8bd49b21free_dead_allocationsEPv)
                  00005700    00000078                           : vla_alloc.c.obj (.text:__vla_dealloc)
                  00005778    00000078     drivers_cc13x0.aem3 : UARTCC26XX.oem3 (.text:writeTxFifoFlush)
                  000057f0    00000074     driverlib.lib : setup_rom.obj (.text:NOROM_SetupSetVddrLevel)
                  00005864    00000074     ti.uia.runtime.aem3 : QueueDescriptor.oem3 (.text:ti_uia_runtime_QueueDescriptor_addToList__E)
                  000058d8    00000070     main.obj (.text:pinCallback)
                  00005948    0000006c     HardLink.obj (.text:HardLink_send)
                  000059b4    0000006c     drivers_cc13x0.aem3 : PowerCC26XX_calibrateRCOSC.oem3 (.text:PowerCC26XX_initiateCalibration)
                  00005a20    0000006c     rf_multiMode_cc13x0.aem3 : RFCC26XX_multiMode.oem3 (.text:RF_initRadioSetup)
                  00005a8c    00000068     driverlib.lib : setup_rom.obj (.text:NOROM_SetupGetTrimForAmpcompCtrl)
                  00005af4    00000068                   : setup_rom.obj (.text:NOROM_SetupGetTrimForAnabypassValue1)
                  00005b5c    00000068                   : sys_ctrl.obj (.text:NOROM_SysCtrlAdjustRechargeAfterPowerDown)
                  00005bc4    00000068                   : sys_ctrl.obj (.text:NOROM_SysCtrl_DCDC_VoltageConditionalControl)
                  00005c2c    00000068     drivers_cc13x0.aem3 : UARTCC26XX.oem3 (.text:UARTCC26XX_readCancel)
                  00005c94    00000068     smartrf_settings.obj (.text:applyGenfskPatch)
                  00005cfc    00000068     rtsv7M3_T_le_eabi.lib : copy_decompress_lzss.c.obj (.text:decompress:lzss:__TI_decompress_lzss)
                  00005d64    00000068     drivers_cc13x0.aem3 : PowerCC26XX.oem3 (.text:lfClockReadyCallback)
                  00005dcc    00000066     ti.uia.loggers.aem3 : LoggerStopMode.oem3 (.text:ti_uia_loggers_LoggerStopMode_flush__E)
                  00005e32    00000002     drivers_cc13x0.aem3 : PowerCC26XX.oem3 (.text:emptyClockFunc)
                  00005e34    00000064     driverlib.lib : osc.obj (.text:NOROM_OSCHF_AttemptToSwitchToXosc)
                  00005e98    00000064     drivers_cc13x0.aem3 : PowerCC26XX.oem3 (.text:configureXOSCHF)
                  00005efc    00000064     rom_sysbios.aem3 : rom_sysbios.obj (.text:ti_sysbios_heaps_HeapMem_initPrimary__I)
                  00005f60    00000062     CC1310_LAUNCHXL_fxns.obj (.text:CC1310_LAUNCHXL_sendExtFlashByte)
                  00005fc2    00000002     rtsv7M3_T_le_eabi.lib : div0.asm.obj (.text)
                  00005fc4    00000060     drivers_cc13x0.aem3 : I2CCC26XX.oem3 (.text:I2CCC26XX_close)
                  00006024    00000060     driverlib.lib : osc.obj (.text:NOROM_OSCClockSourceSet)
                  00006084    00000060     drivers_cc13x0.aem3 : PowerCC26XX.oem3 (.text:PowerCC26XX_calibrate)
                  000060e4    00000060     rf_multiMode_cc13x0.aem3 : RFCC26XX_multiMode.oem3 (.text:RF_dispatchNextEvent)
                  00006144    00000060                              : RFCC26XX_multiMode.oem3 (.text:RF_getCurrentTime)
                  000061a4    00000060     drivers_cc13x0.aem3 : UARTCC26XX.oem3 (.text:UARTCC26XX_control)
                  00006204    0000005c     main.obj (.text:I2CreadBytes)
                  00006260    0000005c     main.obj (.text:LSM9DS1begin)
                  000062bc    0000005c     drivers_cc13x0.aem3 : PowerCC26XX_calibrateRCOSC.oem3 (.text:PowerCC26XX_RCOSC_clockFunc)
                  00006318    0000005c     rf_multiMode_cc13x0.aem3 : RFCC26XX_multiMode.oem3 (.text:RF_syncCb)
                  00006374    0000005c     hello_pem3.oem3 (.text:xdc_runtime_Startup_getState__I)
                  000063d0    00000058     rtsv7M3_T_le_eabi.lib : hostwrite.c.obj (.text:HOSTwrite)
                  00006428    00000058     drivers_cc13x0.aem3 : I2CCC26XX.oem3 (.text:I2CCC26XX_swiFxn)
                  00006480    00000058                         : PINCC26XX.oem3 (.text:PIN_remove)
                  000064d8    00000058     rf_multiMode_cc13x0.aem3 : RFCC26XX_multiMode.oem3 (.text:RF_cmdDispatchTime)
                  00006530    00000058                              : RFCC26XX_multiMode.oem3 (.text:RF_hwiCpe0PowerFsm)
                  00006588    00000050     dpl_cc13x0.aem3 : ClockP_tirtos.oem3 (.text:ClockP_construct)
                  000065d8    00000050     driverlib.lib : setup_rom.obj (.text:NOROM_SetupSetCacheModeAccordingToCcfgSetting)
                  00006628    00000050     rf_multiMode_cc13x0.aem3 : RFCC26XX_multiMode.oem3 (.text:RF_applyRfCorePatch)
                  00006678    00000050                              : RFCC26XX_multiMode.oem3 (.text:RF_fsmXOSCState)
                  000066c8    00000050                              : RFCC26XX_multiMode.oem3 (.text:RF_wakeupNotification)
                  00006718    00000050     main.obj (.text:readMag)
                  00006768    00000050     drivers_cc13x0.aem3 : UARTCC26XX.oem3 (.text:startTxFifoEmptyClk)
                  000067b8    0000004c                         : I2CCC26XX.oem3 (.text:I2CCC26XX_initHw)
                  00006804    0000004c     main.obj (.text:constrainScales)
                  00006850    0000004c     rtsv7M3_T_le_eabi.lib : cpy_tbl.c.obj (.text:copy_in)
                  0000689c    0000004c     ti.uia.loggers.aem3 : LoggerStopMode.oem3 (.text:ti_uia_loggers_LoggerStopMode_Module_startup__E)
                  000068e8    00000048     CC1310_LAUNCHXL_fxns.obj (.text:CC1310_LAUNCHXL_wakeUpExtFlash)
                  00006930    00000048     drivers_cc13x0.aem3 : PINCC26XX.oem3 (.text:PIN_setOutputEnable)
                  00006978    00000048     main.obj (.text:main)
                  000069c0    00000048     drivers_cc13x0.aem3 : UARTCC26XX.oem3 (.text:writeFinishedDoCallback)
                  00006a08    00000044                         : RingBuf.oem3 (.text:RingBuf_put)
                  00006a4c    00000044     boot.aem3 : boot.oem3 (.text)
                  00006a90    00000044     main.obj (.text:calcaRes)
                  00006ad4    00000044     ti.uia.loggers.aem3 : LoggerStopMode.oem3 (.text:ti_uia_loggers_LoggerStopMode_initBuffer__I)
                  00006b18    00000044     rom_sysbios.aem3 : rom_sysbios.obj (.text:xdc_runtime_SysMin_flush__E)
                  00006b5c    00000040     drivers_cc13x0.aem3 : ADCCC26XX.oem3 (.text:ADCCC26XX_convertToMicroVolts)
                  00006b9c    00000040                         : ADC.oem3 (.text:ADC_init)
                  00006bdc    00000040                         : ADC.oem3 (.text:ADC_open)
                  00006c1c    00000040                         : I2C.oem3 (.text:I2C_init)
                  00006c5c    00000040                         : I2C.oem3 (.text:I2C_open)
                  00006c9c    00000040     main.obj (.text:I2Cwrite1read2HumByte)
                  00006cdc    00000040     drivers_cc13x0.aem3 : PINCC26XX.oem3 (.text:PIN_swi)
                  00006d1c    00000040                         : UART.oem3 (.text:UART_init)
                  00006d5c    00000040                         : UART.oem3 (.text:UART_open)
                  00006d9c    00000040                         : Watchdog.oem3 (.text:Watchdog_init)
                  00006ddc    00000040                         : Watchdog.oem3 (.text:Watchdog_open)
                  00006e1c    00000040     main.obj (.text:calcmRes)
                  00006e5c    00000040     rom_sysbios.aem3 : rom_sysbios.obj (.text:ti_sysbios_family_arm_cc26xx_Timer_setThreshold__I)
                  00006e9c    0000003e     dpl_cc13x0.aem3 : HwiP_tirtos.oem3 (.text:HwiP_construct)
                  00006eda    0000003e     drivers_cc13x0.aem3 : RingBuf.oem3 (.text:RingBuf_get)
                  00006f18    0000003e     hello_pem3.oem3 (.text:realloc)
                  00006f56    00000002     rom_sysbios.aem3 : rom_sysbios.obj (.text:ti_sysbios_BIOS_linkedWithIncorrectBootLibrary__E)
                  00006f58    0000003c     drivers_cc13x0.aem3 : ADCCC26XX.oem3 (.text:ADCCC26XX_close)
                  00006f94    0000003c     driverlib.lib : chipinfo.obj (.text:NOROM_ChipInfo_GetHwRevision)
                  00006fd0    0000003c                   : osc.obj (.text:NOROM_OSC_HPOSCRelativeFrequencyOffsetGet)
                  0000700c    0000003c                   : rfc.obj (.text:NOROM_RFCSynthPowerDown)
                  00007048    0000003c     drivers_cc13x0.aem3 : PowerCC26XX.oem3 (.text:PowerCC26XX_isStableXOSC_HF)
                  00007084    0000003c     rf_multiMode_cc13x0.aem3 : RFCC26XX_multiMode.oem3 (.text:RF_cmdGet)
                  000070c0    0000003c     dpl_cc13x0.aem3 : SwiP_tirtos.oem3 (.text:SwiP_construct)
                  000070fc    0000003c     main.obj (.text:createADCTask)
                  00007138    0000003c     main.obj (.text:createGPSTask)
                  00007174    0000003c     main.obj (.text:createRFTXTasks)
                  000071b0    0000003c     main.obj (.text:createStartupTask)
                  000071ec    0000003c     main.obj (.text:createi2cTask)
                  00007228    0000003c     drivers_cc13x0.aem3 : PowerCC26XX.oem3 (.text:disableLfClkQualifiersEnableClkLoss)
                  00007264    0000003c     rom_sysbios.aem3 : rom_sysbios.obj (.text:ti_sysbios_family_arm_m3_Hwi_construct2__E)
                  000072a0    0000003c     main.obj (.text:wdtSetup)
                  000072dc    00000038     CC1310_LAUNCHXL_fxns.obj (.text:CC1310_LAUNCHXL_shutDownExtFlash)
                  00007314    00000038     main.obj (.text:I2Cwrite2read1HumByte)
                  0000734c    00000038     drivers_cc13x0.aem3 : PINCC26XX.oem3 (.text:PIN_setOutputValue)
                  00007384    00000038     rf_multiMode_cc13x0.aem3 : RFCC26XX_multiMode.oem3 (.text:RF_checkCmdFsError)
                  000073bc    00000038                              : RFCC26XX_multiMode.oem3 (.text:RF_ieeeRequestFgCommand)
                  000073f4    00000038     rtsv7M3_T_le_eabi.lib : trgmsg.c.obj (.text:__TI_writemsg)
                  0000742c    00000038     main.obj (.text:calcgRes)
                  00007464    00000038     drivers_cc13x0.aem3 : UARTCC26XX.oem3 (.text:readData)
                  0000749c    00000038     rom_sysbios.aem3 : rom_sysbios.obj (.text:ti_sysbios_family_arm_cc26xx_Timer_getCurrentTick__E)
                  000074d4    00000038     drivers_cc13x0.aem3 : UARTCC26XX.oem3 (.text:writeData)
                  0000750c    00000036     rom_sysbios.aem3 : rom_sysbios.obj (.text:ti_sysbios_family_arm_cc26xx_Timer_setNextTick__E)
                  00007542    00000002     hello_pem3.oem3 (.text:ti_sysbios_BIOS_nullFunc__I)
                  00007544    00000034     driverlib.lib : aux_adc.obj (.text:NOROM_AUXADCDisableInputScaling)
                  00007578    00000034                   : osc.obj (.text:NOROM_OSCHF_SwitchToRcOscTurnOffXosc)
                  000075ac    00000034     drivers_cc13x0.aem3 : PINCC26XX.oem3 (.text:PIN_setConfig)
                  000075e0    00000034                         : PowerCC26XX.oem3 (.text:Power_releaseConstraint)
                  00007614    00000034     rf_multiMode_cc13x0.aem3 : RFCC26XX_multiMode.oem3 (.text:RF_powerConstraintRelease)
                  00007648    00000034     rtsv7M3_T_le_eabi.lib : trgmsg.c.obj (.text:__TI_readmsg)
                  0000767c    00000034     main.obj (.text:configInt)
                  000076b0    00000034     drivers_cc13x0.aem3 : PowerCC26XX.oem3 (.text:notify)
                  000076e4    00000034     rom_sysbios.aem3 : rom_sysbios.obj (.text:ti_sysbios_family_arm_cc26xx_Timer_initDevice__I)
                  00007718    00000034     ti.uia.loggers.aem3 : LoggerStopMode.oem3 (.text:ti_uia_loggers_LoggerStopMode_reset__E)
[...]
1001c2b9  ti_sysbios_knl_Clock_removeI__E                                           
1001c2bd  ti_sysbios_knl_Clock_setTimeout__E                                        
1001c2c1  ti_sysbios_knl_Mailbox_delete                                             
1001c2c5  ti_sysbios_knl_Mailbox_destruct                                           
1001c2c9  ti_sysbios_knl_Queue_delete                                               
1001c2cd  ti_sysbios_knl_Queue_destruct                                             
1001c2d1  ti_sysbios_knl_Queue_head__E                                              
1001c2d5  ti_sysbios_knl_Queue_next__E                                              
1001c2d9  ti_sysbios_knl_Semaphore_delete                                           
1001c2dd  ti_sysbios_knl_Semaphore_destruct                                         
1001c2e1  ti_sysbios_knl_Swi_delete                                                 
1001c2e5  ti_sysbios_knl_Swi_destruct                                               
1001c2e9  ti_sysbios_knl_Swi_postInit__I                                            
1001c2ed  ti_sysbios_knl_Task_SupportProxy_Module__startupDone__S                   
1001c2f1  ti_sysbios_knl_Task_SupportProxy_getStackAlignment__E                     
1001c2f5  ti_sysbios_knl_Task_SupportProxy_start__E                                 
1001c2f9  ti_sysbios_knl_Task_SupportProxy_swap__E                                  
1001c2fd  ti_sysbios_knl_Task_delete                                                
1001c301  ti_sysbios_knl_Task_destruct                                              
1001c305  ti_sysbios_knl_Task_startup__E                                            
1001c309  xdc_runtime_Startup_startMods__I                                          
1001c401  xdc_runtime_Core_createObject__I                                          
1001c483  xdc_runtime_Error_policySpin__E                                           
1001c485  xdc_runtime_Memory_alloc__E                                               
1001c4f5  xdc_runtime_Core_deleteObject__I                                          
1001c555  xdc_runtime_Startup_exec__E                                               
1001c5a5  xdc_runtime_Assert_raise__I                                               
1001c5ed  xdc_runtime_Core_assignParams__I                                          
1001c635  xdc_runtime_Core_constructObject__I                                       
1001c67d  xdc_runtime_System_atexit__E                                              
1001c6b5  xdc_runtime_System_processAtExit__E                                       
1001c6e9  xdc_runtime_Core_assignLabel__I                                           
1001c719  xdc_runtime_Text_cordText__E                                              
1001c745  xdc_runtime_System_abort__E                                               
1001c765  xdc_runtime_Error_raiseX__E                                               
1001c781  xdc_runtime_Memory_valloc__E                                              
1001c79d  xdc_runtime_Core_destructObject__I                                        
1001c7b5  xdc_runtime_Error_check__E                                                
1001c7cd  xdc_runtime_System_exit__E                                                
1001c7e5  xdc_runtime_Text_ropeText__E                                              
1001c7fd  xdc_runtime_Memory_free__E                                                
1001c80d  xdc_runtime_SysCallback_abort__E                                          
1001c81d  xdc_runtime_SysCallback_exit__E                                           
1001c82d  xdc_runtime_Timestamp_SupportProxy_get32__E                               
1001c82d  xdc_runtime_Timestamp_get32__E                                            
1001c82d  xdc_runtime_Timestamp_get32__E                                            
1001c849  xdc_runtime_Memory_calloc__E                                              
1001c855  xdc_runtime_Memory_getMaxDefaultTypeAlign__E                              
1001c875  xdc_runtime_Gate_leaveSystem__E                                           
1001c87b  xdc_runtime_System_Module_startup__E                                      
1001c881  xdc_runtime_Gate_enterSystem__E                                           
1001c885  xdc_runtime_Memory_HeapProxy_alloc__E                                     
1001c889  xdc_runtime_Memory_HeapProxy_free__E                                      
1001c88d  xdc_runtime_System_Module_GateProxy_enter__E                              
1001c891  xdc_runtime_System_Module_GateProxy_leave__E                              
1001c895  xdc_runtime_System_abortSpin__E                                           
1001c897  xdc_runtime_System_exitSpin__E                                            
1001c899  ti_sysbios_family_arm_m3_Hwi_dispatch__I                                  
1001c969  ti_sysbios_family_arm_m3_TaskSupport_buildTaskStack                       
1001c9b5  ti_sysbios_family_arm_m3_Hwi_initStacks__E                                
1001c9fd  ti_sysbios_family_arm_m3_Hwi_excHandlerAsm__I                             
1001ca1d  ti_sysbios_family_xxx_Hwi_switchAndRunFunc                                
1001ca3b  ti_sysbios_family_arm_m3_Hwi_pendSV__I                                    
1001ca53  ti_sysbios_family_arm_m3_Hwi_return                                       
1001ca55  ti_sysbios_family_arm_m3_TaskSupport_glue                                 
1001ca65  ti_sysbios_family_arm_m3_TaskSupport_swap__E                              
1001ca65  ti_sysbios_knl_Task_SupportProxy_swap__E__mangled__                       
1001ca6d  ti_sysbios_knl_Task_swapReturn                                            
1001ca97  ti_sysbios_rom_cortexm_cc13xx_CC13xx_getRevision__E                       
20000000  ti_sysbios_family_arm_m3_Hwi_ramVectors                                   
20000100  ti_sysbios_knl_Task_Module__state__V                                      
20000144  ti_sysbios_family_arm_m3_Hwi_Module__state__V                             
20000178  ti_sysbios_knl_Clock_Module__state__V                                     
200001a4  ti_sysbios_BIOS_Module__state__V                                          
200001c8  ti_sysbios_knl_Swi_Module__state__V                                       
200001e4  ti_sysbios_family_arm_cc26xx_Timer_Module__state__V                       
200001ec  ti_sysbios_family_arm_cc26xx_TimestampProvider_Module__state__V           
200001f0  xdc_runtime_Startup_Module__state__V                                      
200001f8  xdc_runtime_System_Module__state__V                                       
20000200  xdc_runtime_Memory_Module__state__V                                       
20000a50  watchdogCC26XXObjects                                                     
20000a78  PowerCC26XX_taskKey                                                       
20000a7c  PowerCC26XX_swiKey                                                        
20000a80  ti_uia_loggers_LoggerStopMode_Instance_State_0_packetArray__A             
20000e80  ti_uia_loggers_LoggerStopMode_Instance_State_1_packetArray__A             
20001ca4  xdc_runtime_SysMin_Module_State_0_outbuf__A                               
200021c4  uartCC26XXObjects                                                         
200022ec  __CIOBUF_                                                                 
2000240c  i2cCC26xxObjects                                                          
200024ec  adcCC26xxObjects                                                          
20002690  ti_sysbios_family_arm_m3_Hwi_dispatchTable                                
20002758  RF_cmdTx                                                                  
200028d0  adcTask                                                                   
20002920  gpsTask                                                                   
20002970  i2cTask                                                                   
200029c0  startupTask                                                               
20002a10  txDataTask                                                                
20002a60  packet_data                                                               
20002aa0  settings                                                                  
20002ac8  uartParams                                                                
20002b00  ti_uia_loggers_LoggerStopMode_Instance_State_0_hdr__A                     
20002b30  uartCC26XXRingBuffer                                                      
20002b80  ti_uia_loggers_LoggerStopMode_Instance_State_1_hdr__A                     
20002e18  i2cTransaction                                                            
20002e44  i2cParams                                                                 
20002e60  aBias                                                                     
20002e6c  gBias                                                                     
20002e78  mBias                                                                     
20002e94  aBiasRaw                                                                  
20002e9c  gBiasRaw                                                                  
20002ea4  mBiasRaw                                                                  
20002eac  params                                                                    
20002eb4  parmbuf                                                                   
20002ebc  ClockP_tickPeriod                                                         
20002ec0  aRes                                                                      
20002ec4  adc0                                                                      
20002ec8  adc1                                                                      
20002ecc  adc3                                                                      
20002ed0  adcValue0MicroVolt                                                        
20002ed4  adcValue1MicroVolt                                                        
20002ed8  adcValue3MicroVolt                                                        
20002edc  adcValue3MicroVolt_2                                                      
20002ee0  capacitor_charge_uv                                                       
20002ee4  gRes                                                                      
20002ee8  i2c                                                                       
20002eec  mRes                                                                      
20002ef0  packet_current                                                            
20002ef4  packet_length                                                             
20002ef8  readEntry                                                                 
20002efc  sendAsync_cb                                                              
20002f00  uart                                                                      
20002f04  watchdogHandle                                                            
20002f08  adcValue0                                                                 
20002f0a  adcValue1                                                                 
20002f0c  adcValue3                                                                 
20002f0e  adcValue3_2                                                               
20002f10  ax                                                                        
20002f12  ay                                                                        
20002f14  az                                                                        
20002f16  capacitor_charge                                                          
20002f18  gx                                                                        
20002f1a  gy                                                                        
20002f1c  gz                                                                        
20002f1e  mx                                                                        
20002f20  my                                                                        
20002f22  mz                                                                        
20002f24  raw_humidity                                                              
20002f26  raw_temp                                                                  
20002f29  _autoCalc                                                                 
20002f2a  _mAddress                                                                 
20002f2b  _xgAddress                                                                
20002f2c  driverlib_release_0_52354                                                 
20002f30  __primary_heap_start__                                                    
20003f30  __primary_heap_end__                                                      
20003f30  input                                                                     
20004130  pinUpperBound                                                             
20004134  pinLowerBound                                                             
200041c8  pinHandleTable                                                            
20004244  PowerCC26XX_module                                                        
20004358  ti_uia_loggers_LoggerStopMode_Object__table__V                            
20004414  error                                                                     
20004418  tx_light_top                                                              
2000441c  tx_light_top_uv                                                           
20004420  tx_light_bottom                                                           
20004424  tx_light_bottom_uv                                                        
20004428  tx_temp                                                                   
2000442a  tx_humidity                                                               
2000442c  tx_gx                                                                     
2000442e  tx_gy                                                                     
20004430  tx_gz                                                                     
20004432  tx_ax                                                                     
20004434  tx_ay                                                                     
20004436  tx_az                                                                     
20004438  tx_mx                                                                     
2000443a  tx_my                                                                     
2000443c  tx_mz                                                                     
20004440  bytes_read                                                                
20004444  bytesRead                                                                 
20004448  numConnections                                                            
2000444c  AXN                                                                       
20004450  AYN                                                                       
20004454  AZN                                                                       
20004458  done                                                                      
2000445c  main_func_sp                                                              
20004460  ti_sysbios_family_arm_cc26xx_Timer_Object__table__V                       
200044a8  prs_0                                                                     
200044e8  prs_1                                                                     
20004528  ti_sysbios_gates_GateMutex_Object__table__V                               
20004560  ti_sysbios_knl_Swi_Module_State_0_readyQ__A                               
20004590  ti_sysbios_knl_Swi_Object__table__V                                       
200045c0  ti_sysbios_knl_Task_Module_State_0_readyQ__A                              
200045f0  RF_cmdPropRadioDivSetup                                                   
20004618  RF_cmdPropRx                                                              
2000463c  pinTable                                                                  
20004680  ti_sysbios_knl_Clock_Object__table__V                                     
200046a0  xdc_runtime_Error_IgnoreBlock                                             
200046c0  RF_cmdFs                                                                  
200046d8  ti_sysbios_family_arm_m3_Hwi_Object__table__V                             
200046f0  ti_sysbios_heaps_HeapMem_Object__table__V                                 
20004708  RF_prop                                                                   
20004718  ti_sysbios_knl_Task_Module__root__V                                       
20004724  ti_uia_runtime_QueueDescriptor_Module__state__V                           
20004730  xdc_runtime_SysMin_Module__state__V                                       
2000473c  _lock                                                                     
20004740  _unlock                                                                   
20004744  ti_uia_runtime_QueueDescriptor_gPtrToFirstDescriptor                      
20004748  ti_uia_runtime_QueueDescriptor_gUpdateCount                               
2000474c  ti_sysbios_family_arm_m3_Hwi_Module__root__V                              
20004754  ti_sysbios_gates_GateHwi_Module__root__V                                  
2000475c  ti_sysbios_gates_GateMutex_Module__root__V                                
20004764  ti_sysbios_hal_Hwi_Module__root__V                                        
2000476c  ti_sysbios_heaps_HeapMem_Module__root__V                                  
20004774  ti_sysbios_knl_Clock_Module__root__V                                      
2000477c  ti_sysbios_knl_Mailbox_Module__root__V                                    
20004784  ti_sysbios_knl_Queue_Module__root__V                                      
2000478c  ti_sysbios_knl_Semaphore_Module__root__V                                  
20004794  ti_sysbios_knl_Swi_Module__root__V                                        
2000479c  ti_uia_loggers_LoggerStopMode_Module__root__V                             
200047a4  xdc_runtime_System_Module_State_0_atexitHandlers__A                       
200047ac  ti_sysbios_family_arm_m3_Hwi_Module_State_0_excContext__A                 
200047b0  ti_sysbios_family_arm_m3_Hwi_Module_State_0_excStack__A                   
200047b4  ti_sysbios_knl_Task_Module_State_0_idleTask__A                            
200047b8  ti_sysbios_family_arm_m3_Hwi_Module_State_0_excActive__A                  
200047ba  xdc_runtime_Main_Module__root__V                                          
20004c00  __stack                                                                   
20005000  __STACK_END                                                               
e000e000  ti_sysbios_family_arm_m3_Hwi_nvic                                         
ffffffff  __TI_pprof_out_hndl                                                       
ffffffff  __TI_prof_data_size                                                       
ffffffff  __TI_prof_data_start                                                      
ffffffff  __binit__                                                                 
ffffffff  __c_args__                                                                
ffffffff  binit                                                                     
UNDEFED   SHT$$INIT_ARRAY$$Base                                                     
UNDEFED   SHT$$INIT_ARRAY$$Limit                                                    

[1087 symbols]
